Microchip MPLAB XC8 Compiler V2.45

Linker command line:

-W-3 \
  --edf=C:\Program Files\Microchip\xc8\v2.45\pic\dat\20230818022343_en.msgs \
  -cn -h+dist/default/debug\final-project-tomas-thomas.X.debug.sym \
  --cmf=dist/default/debug\final-project-tomas-thomas.X.debug.cmf -z \
  -Q18F67K40 -oC:\Users\thoma\AppData\Local\Temp\xcAsik4.\driver_tmp_3.o \
  --defsym=__MPLAB_BUILD=1 --fixupoverflow=error \
  -Mdist/default/debug/final-project-tomas-thomas.X.debug.map \
  --md=C:\Users\thoma\AppData\Local\Temp\xcAsik4.\driver_tmp_0.dat -E1 \
  -ver=XC8 Compiler --acfsm=1493 -ACODE=00h-01FFFFh -ACONST=00h-01FFFFh \
  -ASMALLCONST=0E00h-0EFFhx498 -AMEDIUMCONST=0E00h-0FFFFh,010E00h-01FFFFh \
  -ACOMRAM=01h-05Fh -AABS1=00h-0DE9h -ABIGRAM=01h-0DE9h \
  -ARAM=060h-0FFh,0100h-01FFhx12,0D00h-0DE9h -ABANK0=060h-0FFh \
  -ABANK1=0100h-01FFh -ABANK2=0200h-02FFh -ABANK3=0300h-03FFh \
  -ABANK4=0400h-04FFh -ABANK5=0500h-05FFh -ABANK6=0600h-06FFh \
  -ABANK7=0700h-07FFh -ABANK8=0800h-08FFh -ABANK9=0900h-09FFh \
  -ABANK10=0A00h-0AFFh -ABANK11=0B00h-0BFFh -ABANK12=0C00h-0CFFh \
  -ABANK13=0D00h-0DE9h \
  -ASFR=0DEFh-0DFFh,0E00h-0EFFh,0F00h-0F5Fh,0F60h-0FFFh \
  -ABIGSFR=0DEFh-0FFFh -ACONFIG=0300000h-030000Bh -AIDLOC=0200000h-020000Fh \
  -AEEDATA=0310000h-03103FFh -peeprom_data=EEDATA \
  -preset_vec=00h,intcode,intcodelo,powerup,init -pramtop=0E00h \
  -psmallconst=SMALLCONST -pmediumconst=MEDIUMCONST -pconst=CONST \
  -AFARRAM=00h-00h \
  -prdata=COMRAM,nvrram=COMRAM,nvbit=COMRAM,rbss=COMRAM,rbit=COMRAM \
  -pfarbss=FARRAM,fardata=FARRAM,nvFARRAM=FARRAM \
  -pintsave_regs=BIGRAM,bigbss=BIGRAM,bigdata=BIGRAM -pbss=RAM \
  -pidata=CODE,irdata=CODE,ibigdata=CODE,ifardata=CODE -prparam=COMRAM \
  C:\Users\thoma\AppData\Local\Temp\xcAsik4.\driver_tmp_14.o \
  dist/default/debug\final-project-tomas-thomas.X.debug.o 

Object code version is 3.11

Machine type is 18F67K40



                Name                               Link     Load   Length Selector   Space Scale
C:\Users\thoma\AppData\Local\Temp\xcAsik4.\driver_tmp_14.o
                config                           300000   300000        6        0       4
                init                                  0        0        4        0       0
dist/default/debug\final-project-tomas-thomas.X.debug.o
                config                           300000   300000        6        0       4
                smallconst                          E00      E00       28      700       0
                text42                             330E     330E      39A      714       0
                text41                             4226     4226       AA      714       0
                text40                             2EE4     2EE4      42A      714       0
                text39                             2A24     2A24      4C0      714       0
                text38                             45AE     45AE       46      714       0
                text37                             3DB6     3DB6      106      714       0
                text36                             3AEA     3AEA      1B4      714       0
                text35                             3C9E     3C9E      118      714       0
                text34                             4830     4830       18      714       0
                text33                             4768     4768       30      714       0
                text32                             3EBC     3EBC      104      714       0
                text31                             4730     4730       38      714       0
                text30                             3FC0     3FC0       FE      714       0
                text29                             38D8     38D8      212      714       0
                text28                             4336     4336       56      714       0
                text27                             44CC     44CC       50      714       0
                text26                             487E     487E        2      714       0
                text25                             40BE     40BE       BA      714       0
                text24                             4676     4676       40      714       0
                text23                             42D0     42D0       66      714       0
                text22                             46B6     46B6       3E      714       0
                text21                             1860     1860      9E8      714       0
                text20                             47EA     47EA       26      714       0
                text19                             4178     4178       AE      714       0
                text18                             36A8     36A8      230      714       0
                text17                             4568     4568       46      714       0
                text16                             4636     4636       40      714       0
                text15                             2248     2248      7DC      714       0
                text14                             47C2     47C2       28      714       0
                text13                             45F4     45F4       42      714       0
                text12                             4874     4874        A      714       0
                text11                             486A     486A        A      714       0
                text10                             4860     4860        A      714       0
                text9                              4854     4854        C      714       0
                text8                              447C     447C       50      714       0
                text7                              442C     442C       50      714       0
                text6                              43DC     43DC       50      714       0
                text5                              438C     438C       50      714       0
                text4                               E28      E28      A38      714       0
                text3                              4798     4798       2A      714       0
                text2                              4810     4810       20      714       0
                text1                              451C     451C       4C      714       0
                text0                              4848     4848        C      714       0
                cstackCOMRAM                          1        1       5F        1       1
                cstackBANK0                          60       60       98       60       1
                cstackBANK1                         189      189       61      100       1
                bssBANK2                            200      200       3C      200       1
                bssBANK1                            100      100       89      100       1
                dataBANK0                            FF       FF        1       60       1
                bssBANK0                             F8       F8        7       60       1
                cinit                              46F4     46F4       3C      714       0
                idataBANK0                         4880     4880        1      714       0

TOTAL           Name                               Link     Load   Length     Space
        CLASS   CODE           
                init                                  0        0        4         0
                text42                             330E     330E      39A         0
                text41                             4226     4226       AA         0
                text40                             2EE4     2EE4      42A         0
                text39                             2A24     2A24      4C0         0
                text38                             45AE     45AE       46         0
                text37                             3DB6     3DB6      106         0
                text36                             3AEA     3AEA      1B4         0
                text35                             3C9E     3C9E      118         0
                text34                             4830     4830       18         0
                text33                             4768     4768       30         0
                text32                             3EBC     3EBC      104         0
                text31                             4730     4730       38         0
                text30                             3FC0     3FC0       FE         0
                text29                             38D8     38D8      212         0
                text28                             4336     4336       56         0
                text27                             44CC     44CC       50         0
                text26                             487E     487E        2         0
                text25                             40BE     40BE       BA         0
                text24                             4676     4676       40         0
                text23                             42D0     42D0       66         0
                text22                             46B6     46B6       3E         0
                text21                             1860     1860      9E8         0
                text20                             47EA     47EA       26         0
                text19                             4178     4178       AE         0
                text18                             36A8     36A8      230         0
                text17                             4568     4568       46         0
                text16                             4636     4636       40         0
                text15                             2248     2248      7DC         0
                text14                             47C2     47C2       28         0
                text13                             45F4     45F4       42         0
                text12                             4874     4874        A         0
                text11                             486A     486A        A         0
                text10                             4860     4860        A         0
                text9                              4854     4854        C         0
                text8                              447C     447C       50         0
                text7                              442C     442C       50         0
                text6                              43DC     43DC       50         0
                text5                              438C     438C       50         0
                text4                               E28      E28      A38         0
                text3                              4798     4798       2A         0
                text2                              4810     4810       20         0
                text1                              451C     451C       4C         0
                text0                              4848     4848        C         0
                cinit                              46F4     46F4       3C         0
                idataBANK0                         4880     4880        1         0

        CLASS   CONST          

        CLASS   SMALLCONST     
                smallconst                          E00      E00       28         0

        CLASS   MEDIUMCONST    

        CLASS   COMRAM         
                cstackCOMRAM                          1        1       5F         1

        CLASS   ABS1           

        CLASS   BIGRAM         

        CLASS   RAM            

        CLASS   BANK0          
                cstackBANK0                          60       60       98         1
                dataBANK0                            FF       FF        1         1
                bssBANK0                             F8       F8        7         1

        CLASS   BANK1          
                cstackBANK1                         189      189       61         1
                bssBANK1                            100      100       89         1

        CLASS   BANK2          
                bssBANK2                            200      200       3C         1

        CLASS   BANK3          

        CLASS   BANK4          

        CLASS   BANK5          

        CLASS   BANK6          

        CLASS   BANK7          

        CLASS   BANK8          

        CLASS   BANK9          

        CLASS   BANK10         

        CLASS   BANK11         

        CLASS   BANK12         

        CLASS   BANK13         

        CLASS   SFR            

        CLASS   BIGSFR         

        CLASS   CONFIG         
                config                           300000   300000        6         4

        CLASS   IDLOC          

        CLASS   EEDATA         

        CLASS   FARRAM         

        CLASS   HEAP           

        CLASS   STACK          



SEGMENTS        Name                           Load    Length   Top    Selector   Space  Class

                reset_vec                      000000  000004  000004         0       0  CODE    
                cstackCOMRAM                   000001  00005F  000060         1       1  COMRAM  
                cstackBANK0                    000060  0000A0  000100        60       1  BANK0   
                bssBANK1                       000100  0000EA  0001EA       100       1  BANK1   
                bssBANK2                       000200  00003C  00023C       200       1  BANK2   
                smallconst                     000E00  000028  000E28       700       0  SMALLCON
                text4                          000E28  003A59  004881       714       0  CODE    


UNUSED ADDRESS RANGES

        Name                Unused          Largest block    Delta
        BANK1            0001EA-0001FF               16
        BANK10           000A00-000AFF              100
        BANK11           000B00-000BFF              100
        BANK12           000C00-000CFF              100
        BANK13           000D00-000DE9               EA
        BANK2            00023C-0002FF               C4
        BANK3            000300-0003FF              100
        BANK4            000400-0004FF              100
        BANK5            000500-0005FF              100
        BANK6            000600-0006FF              100
        BANK7            000700-0007FF              100
        BANK8            000800-0008FF              100
        BANK9            000900-0009FF              100
        BIGRAM           0001EA-0001FF               16
                         00023C-000DE9              BAE
        BIGSFR           000DEF-000FFF              211
        CODE             000004-000DFF              DFC
                         004881-01FFFF            1B77F
        CONFIG           300006-30000B                6
        CONST            000004-000DFF              DFC
                         004881-01FFFF            1B77F
        EEDATA           310000-3103FF              400
        IDLOC            200000-20000F               10
        MEDIUMCONST      004881-00FFFF             B77F
                         010E00-01FFFF             F200
        RAM              0001EA-0001FF               16
                         00023C-000DE9              100
        SFR              000DEF-000FFF              100
        SMALLCONST       004881-01FFFF              100

                                  Symbol Table

?___fladd                      cstackCOMRAM 000001
?___fldiv                      cstackCOMRAM 000022
?___flmul                      cstackCOMRAM 00003B
?___flneg                      cstackCOMRAM 000001
?___flsub                      cstackCOMRAM 00001A
?___fltol                      cstackCOMRAM 000001
?___fpclassifyf                cstackCOMRAM 000001
?___wmul                       cstackCOMRAM 000001
?___xxtofl                     cstackCOMRAM 00000C
?_color_cardCheck              cstackBANK0  0000D8
?_color_read_Blue              cstackCOMRAM 000005
?_color_read_Clear             cstackCOMRAM 000005
?_color_read_Green             cstackCOMRAM 000005
?_color_read_Red               cstackCOMRAM 000005
?_custom_floatmodulo           cstackCOMRAM 000054
?_floorf                       cstackCOMRAM 00003B
?_labs                         cstackCOMRAM 000001
?_read_prec_or_width           cstackCOMRAM 000007
?_sprintf                      cstackBANK0  0000A3
?_vfprintf                     cstackBANK0  00009F
I2C_2_Master_Read@ack          cstackCOMRAM 000003
I2C_2_Master_Read@tmp          cstackCOMRAM 000004
I2C_2_Master_Write@data_byte   cstackCOMRAM 000002
RGB_to_HSV@B                   cstackBANK0  0000CB
RGB_to_HSV@C                   cstackBANK0  0000CF
RGB_to_HSV@G                   cstackBANK0  0000C7
RGB_to_HSV@H                   cstackBANK0  0000D3
RGB_to_HSV@H_temp              cstackBANK1  0001D2
RGB_to_HSV@R                   cstackBANK0  0000C3
RGB_to_HSV@S                   cstackBANK0  0000D4
RGB_to_HSV@V                   cstackBANK0  0000D5
RGB_to_HSV@b                   cstackBANK1  0001E6
RGB_to_HSV@c                   cstackBANK1  0001A2
RGB_to_HSV@c_norm              cstackBANK1  0001A6
RGB_to_HSV@deltaRGB            cstackBANK1  0001D6
RGB_to_HSV@g                   cstackBANK1  0001E2
RGB_to_HSV@maxRGB              cstackBANK1  0001DA
RGB_to_HSV@minRGB              cstackBANK1  0001C2
RGB_to_HSV@r                   cstackBANK1  0001DE
RGB_to_HSV@senddata            cstackBANK1  000189
_ANSELDbits                    (abs)        000EA7
_BAUD4CONbits                  (abs)        000EE9
_CCP1CONbits                   (abs)        000FAB
_CCP2CONbits                   (abs)        000FA7
_CCP3CONbits                   (abs)        000F26
_CCP4CONbits                   (abs)        000F22
_CCPR1H                        (abs)        000FAA
_CCPR2H                        (abs)        000FA6
_CCPR3H                        (abs)        000F25
_CCPR4H                        (abs)        000F21
_CCPTMRS0bits                  (abs)        000FAD
_EUSART4RXbuf                  bssBANK1     000100
_EUSART4TXbuf                  bssBANK2     000200
_I2C_2_Master_Idle             text14       0047C2
_I2C_2_Master_Init             text3        004798
_I2C_2_Master_Read             text13       0045F4
_I2C_2_Master_RepStart         text12       004874
_I2C_2_Master_Start            text11       00486A
_I2C_2_Master_Stop             text10       004860
_I2C_2_Master_Write            text9        004854
_LATAbits                      (abs)        000F79
_LATCbits                      (abs)        000F7B
_LATDbits                      (abs)        000F7C
_LATEbits                      (abs)        000F7D
_LATFbits                      (abs)        000F7E
_LATGbits                      (abs)        000F7F
_LATHbits                      (abs)        000F80
_PIE4bits                      (abs)        000E2D
_PIR4bits                      (abs)        000E37
_PORTFbits                     (abs)        000F8E
_RC0PPS                        (abs)        000E62
_RC4REG                        (abs)        000EE3
_RC4STAbits                    (abs)        000EE7
_RC7PPS                        (abs)        000E69
_RD5PPS                        (abs)        000E6F
_RD6PPS                        (abs)        000E70
_RE2PPS                        (abs)        000E74
_RE4PPS                        (abs)        000E76
_RG6PPS                        (abs)        000E88
_RGB_to_HSV                    text15       002248
_RGB_to_HSV$2734               cstackBANK1  0001AA
_RGB_to_HSV$2735               cstackBANK1  0001AE
_RGB_to_HSV$2736               cstackBANK1  0001B2
_RGB_to_HSV$2737               cstackBANK1  0001CE
_RGB_to_HSV$2738               cstackBANK1  0001B6
_RGB_to_HSV$626                cstackBANK1  0001BA
_RGB_to_HSV$627                cstackBANK1  0001BE
_RGB_to_HSV$629                cstackBANK1  0001C6
_RGB_to_HSV$630                cstackBANK1  0001CA
_RX4PPS                        (abs)        000E15
_RxBufReadCnt                  bssBANK0     0000FD
_RxBufWriteCnt                 bssBANK0     0000FE
_SP4BRGH                       (abs)        000EE6
_SP4BRGL                       (abs)        000EE5
_SSP2ADD                       (abs)        000ED6
_SSP2BUF                       (abs)        000ED5
_SSP2CLKPPS                    (abs)        000E1C
_SSP2CON1bits                  (abs)        000ED9
_SSP2CON2                      (abs)        000EDA
_SSP2CON2bits                  (abs)        000EDA
_SSP2DATPPS                    (abs)        000E1D
_SSP2STAT                      (abs)        000ED8
_T2CLKCONbits                  (abs)        000FBF
_T2CONbits                     (abs)        000FBD
_T2HLTbits                     (abs)        000FBE
_T2PR                          (abs)        000FBC
_TRISAbits                     (abs)        000F81
_TRISCbits                     (abs)        000F83
_TRISDbits                     (abs)        000F84
_TRISEbits                     (abs)        000F85
_TRISFbits                     (abs)        000F86
_TRISGbits                     (abs)        000F87
_TRISHbits                     (abs)        000F88
_TX4REG                        (abs)        000EE4
_TX4STAbits                    (abs)        000EE8
_TxBufReadCnt                  bssBANK0     0000FB
_TxBufWriteCnt                 bssBANK0     0000FC
__HRAM                         (abs)        000000
__H__absolute__                __absolute__ 000000
__Habs1                        abs1         000000
__Hbank0                       bank0        000000
__Hbank1                       bank1        000000
__Hbank10                      bank10       000000
__Hbank11                      bank11       000000
__Hbank12                      bank12       000000
__Hbank13                      bank13       000000
__Hbank2                       bank2        000000
__Hbank3                       bank3        000000
__Hbank4                       bank4        000000
__Hbank5                       bank5        000000
__Hbank6                       bank6        000000
__Hbank7                       bank7        000000
__Hbank8                       bank8        000000
__Hbank9                       bank9        000000
__Hbigbss                      bigbss       000000
__Hbigdata                     bigdata      000000
__Hbigram                      bigram       000000
__Hbigsfr                      bigsfr       000000
__Hbss                         bss          000000
__HbssBANK0                    bssBANK0     000000
__HbssBANK1                    bssBANK1     000000
__HbssBANK2                    bssBANK2     000000
__Hcinit                       cinit        000000
__Hclrtext                     clrtext      000000
__Hcomram                      comram       000000
__Hconfig                      config       300006
__Hconst                       const        000000
__HcstackBANK0                 cstackBANK0  000000
__HcstackBANK1                 cstackBANK1  000000
__HcstackCOMRAM                cstackCOMRAM 000000
__Hdata                        data         000000
__HdataBANK0                   dataBANK0    000000
__Heeprom_data                 eeprom_data  000000
__Hfarbss                      farbss       000000
__Hfardata                     fardata      000000
__Hheap                        heap         000000
__Hibigdata                    ibigdata     000000
__Hidata                       idata        000000
__HidataBANK0                  idataBANK0   000000
__Hidloc                       idloc        000000
__Hifardata                    ifardata     000000
__Hinit                        init         000004
__Hintcode                     intcode      000000
__Hintcode_body                intcode_body 000000
__Hintcodelo                   intcodelo    000000
__Hintentry                    intentry     000000
__Hintret                      intret       000000
__Hintsave_regs                intsave_regs 000000
__Hirdata                      irdata       000000
__Hmediumconst                 mediumconst  000000
__HnvFARRAM                    nvFARRAM     000000
__Hnvbit                       nvbit        000000
__Hnvrram                      nvrram       000000
__Hparam                       rparam       000000
__Hpowerup                     powerup      000000
__Hram                         ram          000000
__Hramtop                      ramtop       000E00
__Hrbit                        rbit         000000
__Hrbss                        rbss         000000
__Hrdata                       rdata        000000
__Hreset_vec                   reset_vec    000000
__Hrparam                      rparam       000000
__Hsfr                         sfr          000000
__Hsmallconst                  smallconst   000E28
__Hspace_0                     (abs)        004881
__Hspace_1                     (abs)        00023C
__Hspace_2                     (abs)        000000
__Hspace_4                     (abs)        600006
__Hstack                       stack        000000
__Hstruct                      struct       000000
__Htemp                        temp         000000
__Htext                        text         000000
__Htext0                       text0        000000
__Htext1                       text1        000000
__Htext10                      text10       000000
__Htext11                      text11       000000
__Htext12                      text12       000000
__Htext13                      text13       000000
__Htext14                      text14       000000
__Htext15                      text15       000000
__Htext16                      text16       000000
__Htext17                      text17       000000
__Htext18                      text18       000000
__Htext19                      text19       000000
__Htext2                       text2        000000
__Htext20                      text20       000000
__Htext21                      text21       000000
__Htext22                      text22       000000
__Htext23                      text23       000000
__Htext24                      text24       000000
__Htext25                      text25       000000
__Htext26                      text26       000000
__Htext27                      text27       000000
__Htext28                      text28       000000
__Htext29                      text29       000000
__Htext3                       text3        000000
__Htext30                      text30       000000
__Htext31                      text31       000000
__Htext32                      text32       000000
__Htext33                      text33       000000
__Htext34                      text34       000000
__Htext35                      text35       000000
__Htext36                      text36       000000
__Htext37                      text37       000000
__Htext38                      text38       000000
__Htext39                      text39       000000
__Htext4                       text4        000000
__Htext40                      text40       000000
__Htext41                      text41       000000
__Htext42                      text42       000000
__Htext5                       text5        000000
__Htext6                       text6        000000
__Htext7                       text7        000000
__Htext8                       text8        000000
__Htext9                       text9        000000
__LRAM                         (abs)        000001
__L__absolute__                __absolute__ 000000
__Labs1                        abs1         000000
__Lbank0                       bank0        000000
__Lbank1                       bank1        000000
__Lbank10                      bank10       000000
__Lbank11                      bank11       000000
__Lbank12                      bank12       000000
__Lbank13                      bank13       000000
__Lbank2                       bank2        000000
__Lbank3                       bank3        000000
__Lbank4                       bank4        000000
__Lbank5                       bank5        000000
__Lbank6                       bank6        000000
__Lbank7                       bank7        000000
__Lbank8                       bank8        000000
__Lbank9                       bank9        000000
__Lbigbss                      bigbss       000000
__Lbigdata                     bigdata      000000
__Lbigram                      bigram       000000
__Lbigsfr                      bigsfr       000000
__Lbss                         bss          000000
__LbssBANK0                    bssBANK0     000000
__LbssBANK1                    bssBANK1     000000
__LbssBANK2                    bssBANK2     000000
__Lcinit                       cinit        000000
__Lclrtext                     clrtext      000000
__Lcomram                      comram       000000
__Lconfig                      config       000000
__Lconst                       const        000000
__LcstackBANK0                 cstackBANK0  000000
__LcstackBANK1                 cstackBANK1  000000
__LcstackCOMRAM                cstackCOMRAM 000000
__Ldata                        data         000000
__LdataBANK0                   dataBANK0    000000
__Leeprom_data                 eeprom_data  000000
__Lfarbss                      farbss       000000
__Lfardata                     fardata      000000
__Lheap                        heap         000000
__Libigdata                    ibigdata     000000
__Lidata                       idata        000000
__LidataBANK0                  idataBANK0   000000
__Lidloc                       idloc        000000
__Lifardata                    ifardata     000000
__Linit                        init         000000
__Lintcode                     intcode      000000
__Lintcode_body                intcode_body 000000
__Lintcodelo                   intcodelo    000000
__Lintentry                    intentry     000000
__Lintret                      intret       000000
__Lintsave_regs                intsave_regs 000000
__Lirdata                      irdata       000000
__Lmediumconst                 mediumconst  000000
__LnvFARRAM                    nvFARRAM     000000
__Lnvbit                       nvbit        000000
__Lnvrram                      nvrram       000000
__Lparam                       rparam       000000
__Lpowerup                     powerup      000000
__Lram                         ram          000000
__Lramtop                      ramtop       000E00
__Lrbit                        rbit         000000
__Lrbss                        rbss         000000
__Lrdata                       rdata        000000
__Lreset_vec                   reset_vec    000000
__Lrparam                      rparam       000000
__Lsfr                         sfr          000000
__Lsmallconst                  smallconst   000E00
__Lspace_0                     (abs)        000000
__Lspace_1                     (abs)        000000
__Lspace_2                     (abs)        000000
__Lspace_4                     (abs)        000000
__Lstack                       stack        000000
__Lstruct                      struct       000000
__Ltemp                        temp         000000
__Ltext                        text         000000
__Ltext0                       text0        000000
__Ltext1                       text1        000000
__Ltext10                      text10       000000
__Ltext11                      text11       000000
__Ltext12                      text12       000000
__Ltext13                      text13       000000
__Ltext14                      text14       000000
__Ltext15                      text15       000000
__Ltext16                      text16       000000
__Ltext17                      text17       000000
__Ltext18                      text18       000000
__Ltext19                      text19       000000
__Ltext2                       text2        000000
__Ltext20                      text20       000000
__Ltext21                      text21       000000
__Ltext22                      text22       000000
__Ltext23                      text23       000000
__Ltext24                      text24       000000
__Ltext25                      text25       000000
__Ltext26                      text26       000000
__Ltext27                      text27       000000
__Ltext28                      text28       000000
__Ltext29                      text29       000000
__Ltext3                       text3        000000
__Ltext30                      text30       000000
__Ltext31                      text31       000000
__Ltext32                      text32       000000
__Ltext33                      text33       000000
__Ltext34                      text34       000000
__Ltext35                      text35       000000
__Ltext36                      text36       000000
__Ltext37                      text37       000000
__Ltext38                      text38       000000
__Ltext39                      text39       000000
__Ltext4                       text4        000000
__Ltext40                      text40       000000
__Ltext41                      text41       000000
__Ltext42                      text42       000000
__Ltext5                       text5        000000
__Ltext6                       text6        000000
__Ltext7                       text7        000000
__Ltext8                       text8        000000
__Ltext9                       text9        000000
__S0                           (abs)        004881
__S1                           (abs)        00023C
__S4                           (abs)        000000
__S5                           (abs)        000000
___fladd                       text39       002A24
___fladd@a                     cstackCOMRAM 000005
___fladd@aexp                  cstackCOMRAM 00000E
___fladd@b                     cstackCOMRAM 000001
___fladd@bexp                  cstackCOMRAM 00000F
___fladd@grs                   cstackCOMRAM 000010
___fladd@signs                 cstackCOMRAM 00000D
___fldiv                       text42       00330E
___fldiv@a                     cstackCOMRAM 000026
___fldiv@aexp                  cstackCOMRAM 00003A
___fldiv@b                     cstackCOMRAM 000022
___fldiv@bexp                  cstackCOMRAM 000039
___fldiv@grs                   cstackCOMRAM 000035
___fldiv@new_exp               cstackCOMRAM 000033
___fldiv@rem                   cstackCOMRAM 00002E
___fldiv@sign                  cstackCOMRAM 000032
___fleq                        text41       004226
___fleq@ff1                    cstackCOMRAM 000001
___fleq@ff2                    cstackCOMRAM 000005
___flge                        text32       003EBC
___flge@ff1                    cstackCOMRAM 000054
___flge@ff2                    cstackCOMRAM 000058
___flmul                       text40       002EE4
___flmul@a                     cstackCOMRAM 00003F
___flmul@aexp                  cstackCOMRAM 00004C
___flmul@b                     cstackCOMRAM 00003B
___flmul@bexp                  cstackCOMRAM 00004D
___flmul@grs                   cstackCOMRAM 000048
___flmul@prod                  cstackCOMRAM 00004E
___flmul@sign                  cstackCOMRAM 000047
___flmul@temp                  cstackCOMRAM 000052
___flneg                       text31       004730
___flneg@f1                    cstackCOMRAM 000001
___flsub                       text38       0045AE
___flsub@a                     cstackCOMRAM 00001E
___flsub@b                     cstackCOMRAM 00001A
___fltol                       text37       003DB6
___fltol@exp1                  cstackCOMRAM 00000A
___fltol@f1                    cstackCOMRAM 000001
___fltol@sign1                 cstackCOMRAM 000009
___fpclassifyf                 text30       003FC0
___fpclassifyf@F465            bssBANK1     000133
___fpclassifyf@e               cstackCOMRAM 000009
___fpclassifyf@u               cstackCOMRAM 00000B
___fpclassifyf@x               cstackCOMRAM 000001
___heap_hi                     (abs)        000000
___heap_lo                     (abs)        000000
___inthi_sp                    stack        000000
___inthi_stack_hi              stack        000000
___inthi_stack_lo              stack        000000
___intlo_sp                    stack        000000
___intlo_stack_hi              stack        000000
___intlo_stack_lo              stack        000000
___param_bank                  (abs)        000000
___rparam_used                 (abs)        000001
___sp                          stack        000000
___stack_hi                    stack        000000
___stack_lo                    stack        000000
___wmul                        text20       0047EA
___wmul@multiplicand           cstackCOMRAM 000003
___wmul@multiplier             cstackCOMRAM 000001
___wmul@product                cstackCOMRAM 000005
___xxtofl                      text36       003AEA
___xxtofl@arg                  cstackCOMRAM 000016
___xxtofl@exp                  cstackCOMRAM 000015
___xxtofl@sign                 cstackCOMRAM 000014
___xxtofl@val                  cstackCOMRAM 00000C
__accesstop                    (abs)        000060
__activetblptr                 (abs)        000003
__end_of_I2C_2_Master_Idle     text14       0047EA
__end_of_I2C_2_Master_Init     text3        0047C2
__end_of_I2C_2_Master_Read     text13       004636
__end_of_I2C_2_Master_RepStart text12       00487E
__end_of_I2C_2_Master_Start    text11       004874
__end_of_I2C_2_Master_Stop     text10       00486A
__end_of_I2C_2_Master_Write    text9        004860
__end_of_RGB_to_HSV            text15       002A24
__end_of___fladd               text39       002EE4
__end_of___fldiv               text42       0036A8
__end_of___fleq                text41       0042D0
__end_of___flge                text32       003FC0
__end_of___flmul               text40       00330E
__end_of___flneg               text31       004768
__end_of___flsub               text38       0045F4
__end_of___fltol               text37       003EBC
__end_of___fpclassifyf         text30       0040BE
__end_of___wmul                text20       004810
__end_of___xxtofl              text36       003C9E
__end_of__initialization       cinit        00472A
__end_of_color_cardCheck       text4        001860
__end_of_color_click_init      text1        004568
__end_of_color_read_Blue       text8        0044CC
__end_of_color_read_Clear      text7        00447C
__end_of_color_read_Green      text6        00442C
__end_of_color_read_Red        text5        0043DC
__end_of_color_writetoaddr     text2        004830
__end_of_custom_floatmodulo    text35       003DB6
__end_of_efgtoa                text21       002248
__end_of_floorf                text29       003AEA
__end_of_fputc                 text25       004178
__end_of_fputs                 text24       0046B6
__end_of_labs                  text28       00438C
__end_of_main                  text0        004854
__end_of_memcpy                text27       00451C
__end_of_pad                   text23       004336
__end_of_putch                 text26       004880
__end_of_read_prec_or_width    text19       004226
__end_of_sendCharSerial4       text34       004848
__end_of_sendStringSerial4     text33       004798
__end_of_sprintf               text16       004676
__end_of_strcpy                text22       0046F4
__end_of_vfpfcnvrt             text18       0038D8
__end_of_vfprintf              text17       0045AE
__initialization               cinit        0046F4
__mediumconst                  mediumconst  000000
__pbssBANK0                    bssBANK0     0000F8
__pbssBANK1                    bssBANK1     000100
__pbssBANK2                    bssBANK2     000200
__pcinit                       cinit        0046F4
__pcstackBANK0                 cstackBANK0  000060
__pcstackBANK1                 cstackBANK1  000189
__pcstackCOMRAM                cstackCOMRAM 000001
__pdataBANK0                   dataBANK0    0000FF
__pidataBANK0                  idataBANK0   004880
__psmallconst                  smallconst   000E00
__ptext0                       text0        004848
__ptext1                       text1        00451C
__ptext10                      text10       004860
__ptext11                      text11       00486A
__ptext12                      text12       004874
__ptext13                      text13       0045F4
__ptext14                      text14       0047C2
__ptext15                      text15       002248
__ptext16                      text16       004636
__ptext17                      text17       004568
__ptext18                      text18       0036A8
__ptext19                      text19       004178
__ptext2                       text2        004810
__ptext20                      text20       0047EA
__ptext21                      text21       001860
__ptext22                      text22       0046B6
__ptext23                      text23       0042D0
__ptext24                      text24       004676
__ptext25                      text25       0040BE
__ptext26                      text26       00487E
__ptext27                      text27       0044CC
__ptext28                      text28       004336
__ptext29                      text29       0038D8
__ptext3                       text3        004798
__ptext30                      text30       003FC0
__ptext31                      text31       004730
__ptext32                      text32       003EBC
__ptext33                      text33       004768
__ptext34                      text34       004830
__ptext35                      text35       003C9E
__ptext36                      text36       003AEA
__ptext37                      text37       003DB6
__ptext38                      text38       0045AE
__ptext39                      text39       002A24
__ptext4                       text4        000E28
__ptext40                      text40       002EE4
__ptext41                      text41       004226
__ptext42                      text42       00330E
__ptext5                       text5        00438C
__ptext6                       text6        0043DC
__ptext7                       text7        00442C
__ptext8                       text8        00447C
__ptext9                       text9        004854
__ramtop                       ramtop       000E00
__smallconst                   smallconst   000E00
_calibration                   bssBANK1     000126
_color_cardCheck               text4        000E28
_color_click_init              text1        00451C
_color_read_Blue               text8        00447C
_color_read_Clear              text7        00442C
_color_read_Green              text6        0043DC
_color_read_Red                text5        00438C
_color_writetoaddr             text2        004810
_custom_floatmodulo            text35       003C9E
_dbuf                          bssBANK1     000139
_efgtoa                        text21       001860
_efgtoa$2369                   cstackBANK0  00006E
_flags                         bssBANK0     0000FA
_floorf                        text29       0038D8
_fputc                         text25       0040BE
_fputs                         text24       004676
_labs                          text28       004336
_main                          text0        004848
_memcpy                        text27       0044CC
_motorL                        bssBANK1     00011D
_motorR                        bssBANK1     000114
_pad                           text23       0042D0
_prec                          bssBANK0     0000F8
_putch                         text26       00487E
_read_prec_or_width            text19       004178
_sendCharSerial4               text34       004830
_sendStringSerial4             text33       004768
_sprintf                       text16       004636
_strcpy                        text22       0046B6
_temp                          dataBANK0    0000FF
_vfpfcnvrt                     text18       0036A8
_vfprintf                      text17       004568
_width                         bssBANK1     000137
color_cardCheck@H              cstackBANK0  0000EC
color_cardCheck@S              cstackBANK0  0000F0
color_cardCheck@V              cstackBANK0  0000F4
color_cardCheck@b              cstackBANK0  0000E2
color_cardCheck@c              cstackBANK0  0000E6
color_cardCheck@card_color     cstackBANK0  0000EA
color_cardCheck@g              cstackBANK0  0000DE
color_cardCheck@r              cstackBANK0  0000DA
color_read_Blue@tmp            cstackCOMRAM 00000A
color_read_Clear@tmp           cstackCOMRAM 00000A
color_read_Green@tmp           cstackCOMRAM 00000A
color_read_Red@tmp             cstackCOMRAM 00000A
color_writetoaddr@address      cstackCOMRAM 000004
color_writetoaddr@value        cstackCOMRAM 000003
custom_floatmodulo@intPart     cstackBANK0  000068
custom_floatmodulo@quotient    cstackBANK0  000060
custom_floatmodulo@remainder   cstackBANK0  000064
custom_floatmodulo@x           cstackCOMRAM 000054
custom_floatmodulo@y           cstackCOMRAM 000058
efgtoa@c                       cstackBANK0  000065
efgtoa@d                       cstackBANK0  000073
efgtoa@e                       cstackBANK0  000077
efgtoa@f                       cstackBANK0  000061
efgtoa@fp                      cstackBANK0  000060
efgtoa@g                       cstackBANK0  00008A
efgtoa@h                       cstackBANK0  000081
efgtoa@i                       cstackBANK0  00007F
efgtoa@l                       cstackBANK0  000085
efgtoa@m                       cstackBANK0  000075
efgtoa@mode                    cstackBANK0  000071
efgtoa@n                       cstackBANK0  00008E
efgtoa@ne                      cstackBANK0  000068
efgtoa@nmode                   cstackBANK0  000072
efgtoa@ou                      cstackBANK0  00007B
efgtoa@p                       cstackBANK0  00006A
efgtoa@pp                      cstackBANK0  000070
efgtoa@sign                    cstackBANK0  000089
efgtoa@t                       cstackBANK0  00006C
efgtoa@u                       cstackBANK0  000090
efgtoa@w                       cstackBANK0  000079
end_of_initialization          cinit        00472A
floorf@F521                    bssBANK1     00012F
floorf@e                       cstackCOMRAM 000049
floorf@m                       cstackCOMRAM 000045
floorf@u                       cstackCOMRAM 00004B
floorf@x                       cstackCOMRAM 00003B
fputc@c                        cstackCOMRAM 000001
fputc@fp                       cstackCOMRAM 000003
fputs@c                        cstackCOMRAM 00000C
fputs@fp                       cstackCOMRAM 00000B
fputs@i                        cstackCOMRAM 00000D
fputs@s                        cstackCOMRAM 000009
intlevel0                      text         000000
intlevel1                      text         000000
intlevel2                      text         000000
intlevel3                      text         000000
isa$std                        (abs)        000001
isa$xinst                      (abs)        000000
labs@a                         cstackCOMRAM 000001
memcpy@d                       cstackCOMRAM 000008
memcpy@d1                      cstackCOMRAM 000001
memcpy@n                       cstackCOMRAM 000005
memcpy@s                       cstackCOMRAM 00000A
memcpy@s1                      cstackCOMRAM 000003
memcpy@tmp                     cstackCOMRAM 000007
pad@buf                        cstackCOMRAM 000010
pad@fp                         cstackCOMRAM 00000F
pad@i                          cstackCOMRAM 000015
pad@p                          cstackCOMRAM 000012
read_prec_or_width@ap          cstackCOMRAM 000008
read_prec_or_width@c           cstackCOMRAM 000009
read_prec_or_width@fmt         cstackCOMRAM 000007
read_prec_or_width@n           cstackCOMRAM 00000A
sendCharSerial4@charToSend     cstackCOMRAM 000001
sendStringSerial4@string       cstackCOMRAM 000002
sprintf@ap                     cstackBANK0  0000B6
sprintf@f                      cstackBANK0  0000B7
sprintf@fmt                    cstackBANK0  0000A5
sprintf@s                      cstackBANK0  0000A3
stackhi                        (abs)        000000
stacklo                        (abs)        000000
start                          init         000000
start_initialization           cinit        0046F4
strcpy@d                       cstackCOMRAM 000005
strcpy@dest                    cstackCOMRAM 000001
strcpy@src                     cstackCOMRAM 000003
vfpfcnvrt@ap                   cstackBANK0  000096
vfpfcnvrt@c                    cstackBANK0  00009D
vfpfcnvrt@convarg              cstackBANK0  000099
vfpfcnvrt@cp                   cstackBANK0  00009E
vfpfcnvrt@fmt                  cstackBANK0  000095
vfpfcnvrt@fp                   cstackBANK0  000094
vfprintf@ap                    cstackBANK0  0000A1
vfprintf@cfmt                  cstackBANK0  0000A2
vfprintf@fmt                   cstackBANK0  0000A0
vfprintf@fp                    cstackBANK0  00009F


MODULE INFORMATION

Module		Function		Class		Link	Load	Size
C:\Program Files\Microchip\xc8\v2.45\pic\sources\c99\common\Umul16.c
		___wmul        		CODE           	47EA	0000	38

C:\Program Files\Microchip\xc8\v2.45\pic\sources\c99\common\Umul16.c estimated size: 38

serial.c
		_sendStringSerial4		CODE           	4768	0000	48
		_sendCharSerial4		CODE           	4830	0000	24

serial.c estimated size: 72

color.c
		_color_writetoaddr		CODE           	4810	0000	32
		_custom_floatmodulo		CODE           	3C9E	0000	280
		_color_click_init		CODE           	451C	0000	76
		_color_read_Green		CODE           	43DC	0000	80
		_color_read_Clear		CODE           	442C	0000	80
		_color_cardCheck		CODE           	0E28	0000	2616
		_color_read_Red		CODE           	438C	0000	80
		_color_read_Blue		CODE           	447C	0000	80
		_RGB_to_HSV    		CODE           	2248	0000	2012

color.c estimated size: 5336

C:\Program Files\Microchip\xc8\v2.45\pic\sources\c99\common\fleq.c
		___fleq        		CODE           	4226	0000	170

C:\Program Files\Microchip\xc8\v2.45\pic\sources\c99\common\fleq.c estimated size: 170

C:\Program Files\Microchip\xc8\v2.45\pic\sources\c99\common\memcpy.c
		_memcpy        		CODE           	44CC	0000	80

C:\Program Files\Microchip\xc8\v2.45\pic\sources\c99\common\memcpy.c estimated size: 80

i2c.c
		_I2C_2_Master_Start		CODE           	486A	0000	10
		_I2C_2_Master_Read		CODE           	45F4	0000	66
		_I2C_2_Master_Idle		CODE           	47C2	0000	40
		_I2C_2_Master_Init		CODE           	4798	0000	42
		_I2C_2_Master_Stop		CODE           	4860	0000	10
		_I2C_2_Master_RepStart		CODE           	4874	0000	10
		_I2C_2_Master_Write		CODE           	4854	0000	12

i2c.c estimated size: 190

C:\Program Files\Microchip\xc8\v2.45\pic\sources\c99\common\flneg.c
		___flneg       		CODE           	4730	0000	56

C:\Program Files\Microchip\xc8\v2.45\pic\sources\c99\common\flneg.c estimated size: 56

C:\Program Files\Microchip\xc8\v2.45\pic\sources\c99\common\sprcmul.c
		___flmul       		CODE           	2EE4	0000	1066

C:\Program Files\Microchip\xc8\v2.45\pic\sources\c99\common\sprcmul.c estimated size: 1066

C:\Program Files\Microchip\xc8\v2.45\pic\sources\c99\common\labs.c
		_labs          		CODE           	4336	0000	86

C:\Program Files\Microchip\xc8\v2.45\pic\sources\c99\common\labs.c estimated size: 86

C:\Program Files\Microchip\xc8\v2.45\pic\sources\c99\common\nf_fputs.c
		_fputs         		CODE           	4676	0000	64

C:\Program Files\Microchip\xc8\v2.45\pic\sources\c99\common\nf_fputs.c estimated size: 64

C:\Program Files\Microchip\xc8\v2.45\pic\sources\c99\common\sprcdiv.c
		___fldiv       		CODE           	330E	0000	922

C:\Program Files\Microchip\xc8\v2.45\pic\sources\c99\common\sprcdiv.c estimated size: 922

C:\Program Files\Microchip\xc8\v2.45\pic\sources\c99\common\floorf.c
		_floorf        		CODE           	38D8	0000	530

C:\Program Files\Microchip\xc8\v2.45\pic\sources\c99\common\floorf.c estimated size: 530

C:\Program Files\Microchip\xc8\v2.45\pic\sources\c99\common\nf_sprintf.c
		_sprintf       		CODE           	4636	0000	64

C:\Program Files\Microchip\xc8\v2.45\pic\sources\c99\common\nf_sprintf.c estimated size: 64

C:\Program Files\Microchip\xc8\v2.45\pic\sources\c99\common\putch.c
		_putch         		CODE           	487E	0000	2

C:\Program Files\Microchip\xc8\v2.45\pic\sources\c99\common\putch.c estimated size: 2

C:\Program Files\Microchip\xc8\v2.45\pic\sources\c99\common\flge.c
		___flge        		CODE           	3EBC	0000	260

C:\Program Files\Microchip\xc8\v2.45\pic\sources\c99\common\flge.c estimated size: 260

shared
		__initialization		CODE           	46F4	0000	54

shared estimated size: 54

C:\Program Files\Microchip\xc8\v2.45\pic\sources\c99\common\xxtofl.c
		___xxtofl      		CODE           	3AEA	0000	436

C:\Program Files\Microchip\xc8\v2.45\pic\sources\c99\common\xxtofl.c estimated size: 436

C:\Program Files\Microchip\xc8\v2.45\pic\sources\c99\common\__fpclassifyf.c
		___fpclassifyf 		CODE           	3FC0	0000	254

C:\Program Files\Microchip\xc8\v2.45\pic\sources\c99\common\__fpclassifyf.c estimated size: 254

C:\Program Files\Microchip\xc8\v2.45\pic\sources\c99\common\strcpy.c
		_strcpy        		CODE           	46B6	0000	62

C:\Program Files\Microchip\xc8\v2.45\pic\sources\c99\common\strcpy.c estimated size: 62

C:\Program Files\Microchip\xc8\v2.45\pic\sources\c99\common\sprcadd.c
		___flsub       		CODE           	45AE	0000	70
		___fladd       		CODE           	2A24	0000	1216

C:\Program Files\Microchip\xc8\v2.45\pic\sources\c99\common\sprcadd.c estimated size: 1286

main.c
		_main          		CODE           	4848	0000	12

main.c estimated size: 12

C:\Program Files\Microchip\xc8\v2.45\pic\sources\c99\common\nf_fputc.c
		_fputc         		CODE           	40BE	0000	186

C:\Program Files\Microchip\xc8\v2.45\pic\sources\c99\common\nf_fputc.c estimated size: 186

C:\Program Files\Microchip\xc8\v2.45\pic\sources\c99\common\doprnt.c
		_read_prec_or_width		CODE           	4178	0000	174
		_vfpfcnvrt     		CODE           	36A8	0000	560
		_efgtoa        		CODE           	1860	0000	2536
		_pad           		CODE           	42D0	0000	102
		_vfprintf      		CODE           	4568	0000	70

C:\Program Files\Microchip\xc8\v2.45\pic\sources\c99\common\doprnt.c estimated size: 3442

C:\Program Files\Microchip\xc8\v2.45\pic\sources\c99\common\fltol.c
		___fltol       		CODE           	3DB6	0000	262

C:\Program Files\Microchip\xc8\v2.45\pic\sources\c99\common\fltol.c estimated size: 262

