Microchip MPLAB XC8 Compiler V2.45

Linker command line:

-W-3 \
  --edf=C:\Program Files\Microchip\xc8\v2.45\pic\dat\20230818022343_en.msgs \
  -cn \
  -h+dist/default/production\final-project-tomas-thomas.X.production.sym \
  --cmf=dist/default/production\final-project-tomas-thomas.X.production.cmf \
  -z -Q18F67K40 \
  -oC:\Users\tjhla\AppData\Local\Temp\xcAs14bk.\driver_tmp_3.o \
  --defsym=__MPLAB_BUILD=1 --fixupoverflow=error \
  -Mdist/default/production/final-project-tomas-thomas.X.production.map \
  --md=C:\Users\tjhla\AppData\Local\Temp\xcAs14bk.\driver_tmp_0.dat -E1 \
  -ver=XC8 Compiler --acfsm=1493 -ACODE=00h-01FFFFh -ACONST=00h-01FFFFh \
  -ASMALLCONST=0E00h-0EFFhx498 -AMEDIUMCONST=0E00h-0FFFFh,010E00h-01FFFFh \
  -ACOMRAM=01h-05Fh -AABS1=00h-0DE9h -ABIGRAM=01h-0DE9h \
  -ARAM=060h-0FFh,0100h-01FFhx12,0D00h-0DE9h -ABANK0=060h-0FFh \
  -ABANK1=0100h-01FFh -ABANK2=0200h-02FFh -ABANK3=0300h-03FFh \
  -ABANK4=0400h-04FFh -ABANK5=0500h-05FFh -ABANK6=0600h-06FFh \
  -ABANK7=0700h-07FFh -ABANK8=0800h-08FFh -ABANK9=0900h-09FFh \
  -ABANK10=0A00h-0AFFh -ABANK11=0B00h-0BFFh -ABANK12=0C00h-0CFFh \
  -ABANK13=0D00h-0DE9h \
  -ASFR=0DEFh-0DFFh,0E00h-0EFFh,0F00h-0F5Fh,0F60h-0FFFh \
  -ABIGSFR=0DEFh-0FFFh -ACONFIG=0300000h-030000Bh -AIDLOC=0200000h-020000Fh \
  -AEEDATA=0310000h-03103FFh -peeprom_data=EEDATA \
  -preset_vec=00h,intcode,intcodelo,powerup,init -pramtop=0E00h \
  -psmallconst=SMALLCONST -pmediumconst=MEDIUMCONST -pconst=CONST \
  -AFARRAM=00h-00h \
  -prdata=COMRAM,nvrram=COMRAM,nvbit=COMRAM,rbss=COMRAM,rbit=COMRAM \
  -pfarbss=FARRAM,fardata=FARRAM,nvFARRAM=FARRAM \
  -pintsave_regs=BIGRAM,bigbss=BIGRAM,bigdata=BIGRAM -pbss=RAM \
  -pidata=CODE,irdata=CODE,ibigdata=CODE,ifardata=CODE -prparam=COMRAM \
  C:\Users\tjhla\AppData\Local\Temp\xcAs14bk.\driver_tmp_9.o \
  dist/default/production\final-project-tomas-thomas.X.production.o 

Object code version is 3.11

Machine type is 18F67K40



                Name                               Link     Load   Length Selector   Space Scale
C:\Users\tjhla\AppData\Local\Temp\xcAs14bk.\driver_tmp_9.o
                config                           300000   300000        6        0       4
                init                                  0        0        4        0       0
dist/default/production\final-project-tomas-thomas.X.production.o
                config                           300000   300000        6        0       4
                smallconst                          E00      E00        2      700       0
                text36                             3FCA     3FCA       94      701       0
                text35                             3DB4     3DB4       C4      701       0
                text34                             436E     436E       2E      701       0
                text33                             405E     405E       74      701       0
                text32                             43EE     43EE       26      701       0
                text31                             393E     393E      154      701       0
                text30                             37C2     37C2      17C      701       0
                text29                             3CB0     3CB0      104      701       0
                text28                             2DF8     2DF8      39A      701       0
                text27                             3E78     3E78       AA      701       0
                text26                             29CE     29CE      42A      701       0
                text25                             250E     250E      4C0      701       0
                text24                             4270     4270       46      701       0
                text23                             3BAA     3BAA      106      701       0
                text22                             3192     3192      1B4      701       0
                text21                             3A92     3A92      118      701       0
                text20                             183A     183A      7C2      701       0
                text19                             43C6     43C6       28      701       0
                text18                             42B6     42B6       42      701       0
                text17                             4454     4454        A      701       0
                text16                             444A     444A        A      701       0
                text15                             4440     4440        A      701       0
                text14                             4434     4434        C      701       0
                text13                             4220     4220       50      701       0
                text12                             41D0     41D0       50      701       0
                text11                             4180     4180       50      701       0
                text10                             4130     4130       50      701       0
                text9                               E02      E02      A38      701       0
                text8                              439C     439C       2A      701       0
                text7                              4414     4414       20      701       0
                text6                              42F8     42F8       40      701       0
                text5                              3346     3346      180      701       0
                text4                              3644     3644      17E      701       0
                text3                              34C6     34C6      17E      701       0
                text2                              1FFC     1FFC      512      701       0
                text1                              40D2     40D2       5E      701       0
                text0                              3F22     3F22       A8      701       0
                cstackCOMRAM                          1        1       5F        1       1
                cstackBANK0                          60       60       83       60       1
                cstackBANK1                         189      189        2      100       1
                bssBANK1                            100      100       89      100       1
                dataBANK0                            FD       FD        2       60       1
                bssBANK0                             E3       E3       1A       60       1
                cinit                              4338     4338       36      701       0
                idataBANK0                         445E     445E        2      701       0

TOTAL           Name                               Link     Load   Length     Space
        CLASS   CODE           
                init                                  0        0        4         0
                text36                             3FCA     3FCA       94         0
                text35                             3DB4     3DB4       C4         0
                text34                             436E     436E       2E         0
                text33                             405E     405E       74         0
                text32                             43EE     43EE       26         0
                text31                             393E     393E      154         0
                text30                             37C2     37C2      17C         0
                text29                             3CB0     3CB0      104         0
                text28                             2DF8     2DF8      39A         0
                text27                             3E78     3E78       AA         0
                text26                             29CE     29CE      42A         0
                text25                             250E     250E      4C0         0
                text24                             4270     4270       46         0
                text23                             3BAA     3BAA      106         0
                text22                             3192     3192      1B4         0
                text21                             3A92     3A92      118         0
                text20                             183A     183A      7C2         0
                text19                             43C6     43C6       28         0
                text18                             42B6     42B6       42         0
                text17                             4454     4454        A         0
                text16                             444A     444A        A         0
                text15                             4440     4440        A         0
                text14                             4434     4434        C         0
                text13                             4220     4220       50         0
                text12                             41D0     41D0       50         0
                text11                             4180     4180       50         0
                text10                             4130     4130       50         0
                text9                               E02      E02      A38         0
                text8                              439C     439C       2A         0
                text7                              4414     4414       20         0
                text6                              42F8     42F8       40         0
                text5                              3346     3346      180         0
                text4                              3644     3644      17E         0
                text3                              34C6     34C6      17E         0
                text2                              1FFC     1FFC      512         0
                text1                              40D2     40D2       5E         0
                text0                              3F22     3F22       A8         0
                cinit                              4338     4338       36         0
                idataBANK0                         445E     445E        2         0

        CLASS   CONST          

        CLASS   SMALLCONST     
                smallconst                          E00      E00        2         0

        CLASS   MEDIUMCONST    

        CLASS   COMRAM         
                cstackCOMRAM                          1        1       5F         1

        CLASS   ABS1           

        CLASS   BIGRAM         

        CLASS   RAM            

        CLASS   BANK0          
                cstackBANK0                          60       60       83         1
                dataBANK0                            FD       FD        2         1
                bssBANK0                             E3       E3       1A         1

        CLASS   BANK1          
                cstackBANK1                         189      189        2         1
                bssBANK1                            100      100       89         1

        CLASS   BANK2          

        CLASS   BANK3          

        CLASS   BANK4          

        CLASS   BANK5          

        CLASS   BANK6          

        CLASS   BANK7          

        CLASS   BANK8          

        CLASS   BANK9          

        CLASS   BANK10         

        CLASS   BANK11         

        CLASS   BANK12         

        CLASS   BANK13         

        CLASS   SFR            

        CLASS   BIGSFR         

        CLASS   CONFIG         
                config                           300000   300000        6         4

        CLASS   IDLOC          

        CLASS   EEDATA         

        CLASS   FARRAM         

        CLASS   HEAP           

        CLASS   STACK          



SEGMENTS        Name                           Load    Length   Top    Selector   Space  Class

                reset_vec                      000000  000004  000004         0       0  CODE    
                cstackCOMRAM                   000001  00005F  000060         1       1  COMRAM  
                cstackBANK0                    000060  00009F  0000FF        60       1  BANK0   
                bssBANK1                       000100  00008B  00018B       100       1  BANK1   
                smallconst                     000E00  000002  000E02       700       0  SMALLCON
                text9                          000E02  00365E  004460       701       0  CODE    


UNUSED ADDRESS RANGES

        Name                Unused          Largest block    Delta
        BANK0            0000FF-0000FF                1
        BANK1            00018B-0001FF               75
        BANK10           000A00-000AFF              100
        BANK11           000B00-000BFF              100
        BANK12           000C00-000CFF              100
        BANK13           000D00-000DE9               EA
        BANK2            000200-0002FF              100
        BANK3            000300-0003FF              100
        BANK4            000400-0004FF              100
        BANK5            000500-0005FF              100
        BANK6            000600-0006FF              100
        BANK7            000700-0007FF              100
        BANK8            000800-0008FF              100
        BANK9            000900-0009FF              100
        BIGRAM           0000FF-0000FF                1
                         00018B-000DE9              C5F
        BIGSFR           000DEF-000FFF              211
        CODE             000004-000DFF              DFC
                         004460-01FFFF            1BBA0
        CONFIG           300006-30000B                6
        CONST            000004-000DFF              DFC
                         004460-01FFFF            1BBA0
        EEDATA           310000-3103FF              400
        IDLOC            200000-20000F               10
        MEDIUMCONST      004460-00FFFF             BBA0
                         010E00-01FFFF             F200
        RAM              0000FF-0000FF                1
                         00018B-000DE9              100
        SFR              000DEF-000FFF              100
        SMALLCONST       004460-01FFFF              100

                                  Symbol Table

?___awdiv                        cstackCOMRAM 000001
?___fladd                        cstackCOMRAM 000001
?___fldiv                        cstackCOMRAM 000022
?___flmul                        cstackCOMRAM 00003B
?___flsub                        cstackCOMRAM 00001A
?___fltol                        cstackCOMRAM 000001
?___lwdiv                        cstackCOMRAM 000007
?___wmul                         cstackCOMRAM 000001
?___xxtofl                       cstackCOMRAM 00000C
?_color_cardCheck                cstackCOMRAM 00005C
?_color_read_Blue                cstackCOMRAM 000005
?_color_read_Clear               cstackCOMRAM 000005
?_color_read_Green               cstackCOMRAM 000005
?_color_read_Red                 cstackCOMRAM 000005
?_custom_floatmodulo             cstackCOMRAM 000054
I2C_2_Master_Read@ack            cstackCOMRAM 000003
I2C_2_Master_Read@tmp            cstackCOMRAM 000004
I2C_2_Master_Write@data_byte     cstackCOMRAM 000002
RGB_to_HSV@B                     cstackBANK0  000072
RGB_to_HSV@C                     cstackBANK0  000076
RGB_to_HSV@G                     cstackBANK0  00006E
RGB_to_HSV@H                     cstackBANK0  00007A
RGB_to_HSV@H_temp                cstackBANK0  0000A9
RGB_to_HSV@R                     cstackBANK0  00006A
RGB_to_HSV@S                     cstackBANK0  00007B
RGB_to_HSV@V                     cstackBANK0  00007C
RGB_to_HSV@b                     cstackBANK0  0000BD
RGB_to_HSV@c_norm                cstackBANK0  00007D
RGB_to_HSV@deltaRGB              cstackBANK0  0000AD
RGB_to_HSV@g                     cstackBANK0  0000B9
RGB_to_HSV@maxRGB                cstackBANK0  0000B1
RGB_to_HSV@minRGB                cstackBANK0  000099
RGB_to_HSV@r                     cstackBANK0  0000B5
_ANSELDbits                      (abs)        000EA7
_ANSELFbits                      (abs)        000EB4
_BAUD4CONbits                    (abs)        000EE9
_CCP1CONbits                     (abs)        000FAB
_CCP2CONbits                     (abs)        000FA7
_CCP3CONbits                     (abs)        000F26
_CCP4CONbits                     (abs)        000F22
_CCPR1H                          (abs)        000FAA
_CCPR2H                          (abs)        000FA6
_CCPR3H                          (abs)        000F25
_CCPR4H                          (abs)        000F21
_CCPTMRS0bits                    (abs)        000FAD
_Color_Value                     bssBANK0     0000E3
_EUSART4RXbuf                    bssBANK1     00016E
_EUSART4TXbuf                    bssBANK1     000100
_Forward_Count                   bssBANK0     0000E5
_I2C_2_Master_Idle               text19       0043C6
_I2C_2_Master_Init               text8        00439C
_I2C_2_Master_Read               text18       0042B6
_I2C_2_Master_RepStart           text17       004454
_I2C_2_Master_Start              text16       00444A
_I2C_2_Master_Stop               text15       004440
_I2C_2_Master_Write              text14       004434
_LATAbits                        (abs)        000F79
_LATCbits                        (abs)        000F7B
_LATDbits                        (abs)        000F7C
_LATEbits                        (abs)        000F7D
_LATFbits                        (abs)        000F7E
_LATGbits                        (abs)        000F7F
_LATHbits                        (abs)        000F80
_Operation_Count                 bssBANK0     0000E6
_Operation_History               bssBANK1     00013C
_PIE4bits                        (abs)        000E2D
_PIR4bits                        (abs)        000E37
_PORTFbits                       (abs)        000F8E
_RC0PPS                          (abs)        000E62
_RC4REG                          (abs)        000EE3
_RC4STAbits                      (abs)        000EE7
_RC7PPS                          (abs)        000E69
_RD5PPS                          (abs)        000E6F
_RD6PPS                          (abs)        000E70
_RE2PPS                          (abs)        000E74
_RE4PPS                          (abs)        000E76
_RG6PPS                          (abs)        000E88
_RGB_to_HSV                      text20       00183A
_RGB_to_HSV$2698                 cstackBANK0  000081
_RGB_to_HSV$2699                 cstackBANK0  000085
_RGB_to_HSV$2700                 cstackBANK0  000089
_RGB_to_HSV$2701                 cstackBANK0  0000A5
_RGB_to_HSV$2702                 cstackBANK0  00008D
_RGB_to_HSV$318                  cstackBANK0  000091
_RGB_to_HSV$319                  cstackBANK0  000095
_RGB_to_HSV$321                  cstackBANK0  00009D
_RGB_to_HSV$322                  cstackBANK0  0000A1
_RX4PPS                          (abs)        000E15
_RxBufReadCnt                    bssBANK0     0000E9
_RxBufWriteCnt                   bssBANK0     0000EA
_SP4BRGH                         (abs)        000EE6
_SP4BRGL                         (abs)        000EE5
_SSP2ADD                         (abs)        000ED6
_SSP2BUF                         (abs)        000ED5
_SSP2CLKPPS                      (abs)        000E1C
_SSP2CON1bits                    (abs)        000ED9
_SSP2CON2                        (abs)        000EDA
_SSP2CON2bits                    (abs)        000EDA
_SSP2DATPPS                      (abs)        000E1D
_SSP2STAT                        (abs)        000ED8
_T2CLKCONbits                    (abs)        000FBF
_T2CONbits                       (abs)        000FBD
_T2HLTbits                       (abs)        000FBE
_T2PR                            (abs)        000FBC
_TRISAbits                       (abs)        000F81
_TRISCbits                       (abs)        000F83
_TRISDbits                       (abs)        000F84
_TRISEbits                       (abs)        000F85
_TRISFbits                       (abs)        000F86
_TRISGbits                       (abs)        000F87
_TRISHbits                       (abs)        000F88
_TX4REG                          (abs)        000EE4
_TX4STAbits                      (abs)        000EE8
_TxBufReadCnt                    bssBANK0     0000E7
_TxBufWriteCnt                   bssBANK0     0000E8
__HRAM                           (abs)        000000
__H__absolute__                  __absolute__ 000000
__Habs1                          abs1         000000
__Hbank0                         bank0        000000
__Hbank1                         bank1        000000
__Hbank10                        bank10       000000
__Hbank11                        bank11       000000
__Hbank12                        bank12       000000
__Hbank13                        bank13       000000
__Hbank2                         bank2        000000
__Hbank3                         bank3        000000
__Hbank4                         bank4        000000
__Hbank5                         bank5        000000
__Hbank6                         bank6        000000
__Hbank7                         bank7        000000
__Hbank8                         bank8        000000
__Hbank9                         bank9        000000
__Hbigbss                        bigbss       000000
__Hbigdata                       bigdata      000000
__Hbigram                        bigram       000000
__Hbigsfr                        bigsfr       000000
__Hbss                           bss          000000
__HbssBANK0                      bssBANK0     000000
__HbssBANK1                      bssBANK1     000000
__Hcinit                         cinit        000000
__Hclrtext                       clrtext      000000
__Hcomram                        comram       000000
__Hconfig                        config       300006
__Hconst                         const        000000
__HcstackBANK0                   cstackBANK0  000000
__HcstackBANK1                   cstackBANK1  000000
__HcstackCOMRAM                  cstackCOMRAM 000000
__Hdata                          data         000000
__HdataBANK0                     dataBANK0    000000
__Heeprom_data                   eeprom_data  000000
__Hfarbss                        farbss       000000
__Hfardata                       fardata      000000
__Hheap                          heap         000000
__Hibigdata                      ibigdata     000000
__Hidata                         idata        000000
__HidataBANK0                    idataBANK0   000000
__Hidloc                         idloc        000000
__Hifardata                      ifardata     000000
__Hinit                          init         000004
__Hintcode                       intcode      000000
__Hintcode_body                  intcode_body 000000
__Hintcodelo                     intcodelo    000000
__Hintentry                      intentry     000000
__Hintret                        intret       000000
__Hintsave_regs                  intsave_regs 000000
__Hirdata                        irdata       000000
__Hmediumconst                   mediumconst  000000
__HnvFARRAM                      nvFARRAM     000000
__Hnvbit                         nvbit        000000
__Hnvrram                        nvrram       000000
__Hparam                         rparam       000000
__Hpowerup                       powerup      000000
__Hram                           ram          000000
__Hramtop                        ramtop       000E00
__Hrbit                          rbit         000000
__Hrbss                          rbss         000000
__Hrdata                         rdata        000000
__Hreset_vec                     reset_vec    000000
__Hrparam                        rparam       000000
__Hsfr                           sfr          000000
__Hsmallconst                    smallconst   000E02
__Hspace_0                       (abs)        004460
__Hspace_1                       (abs)        00018B
__Hspace_2                       (abs)        000000
__Hspace_4                       (abs)        600006
__Hstack                         stack        000000
__Hstruct                        struct       000000
__Htemp                          temp         000000
__Htext                          text         000000
__Htext0                         text0        000000
__Htext1                         text1        000000
__Htext10                        text10       000000
__Htext11                        text11       000000
__Htext12                        text12       000000
__Htext13                        text13       000000
__Htext14                        text14       000000
__Htext15                        text15       000000
__Htext16                        text16       000000
__Htext17                        text17       000000
__Htext18                        text18       000000
__Htext19                        text19       000000
__Htext2                         text2        000000
__Htext20                        text20       000000
__Htext21                        text21       000000
__Htext22                        text22       000000
__Htext23                        text23       000000
__Htext24                        text24       000000
__Htext25                        text25       000000
__Htext26                        text26       000000
__Htext27                        text27       000000
__Htext28                        text28       000000
__Htext29                        text29       000000
__Htext3                         text3        000000
__Htext30                        text30       000000
__Htext31                        text31       000000
__Htext32                        text32       000000
__Htext33                        text33       000000
__Htext34                        text34       000000
__Htext35                        text35       000000
__Htext36                        text36       000000
__Htext4                         text4        000000
__Htext5                         text5        000000
__Htext6                         text6        000000
__Htext7                         text7        000000
__Htext8                         text8        000000
__Htext9                         text9        000000
__LRAM                           (abs)        000001
__L__absolute__                  __absolute__ 000000
__Labs1                          abs1         000000
__Lbank0                         bank0        000000
__Lbank1                         bank1        000000
__Lbank10                        bank10       000000
__Lbank11                        bank11       000000
__Lbank12                        bank12       000000
__Lbank13                        bank13       000000
__Lbank2                         bank2        000000
__Lbank3                         bank3        000000
__Lbank4                         bank4        000000
__Lbank5                         bank5        000000
__Lbank6                         bank6        000000
__Lbank7                         bank7        000000
__Lbank8                         bank8        000000
__Lbank9                         bank9        000000
__Lbigbss                        bigbss       000000
__Lbigdata                       bigdata      000000
__Lbigram                        bigram       000000
__Lbigsfr                        bigsfr       000000
__Lbss                           bss          000000
__LbssBANK0                      bssBANK0     000000
__LbssBANK1                      bssBANK1     000000
__Lcinit                         cinit        000000
__Lclrtext                       clrtext      000000
__Lcomram                        comram       000000
__Lconfig                        config       000000
__Lconst                         const        000000
__LcstackBANK0                   cstackBANK0  000000
__LcstackBANK1                   cstackBANK1  000000
__LcstackCOMRAM                  cstackCOMRAM 000000
__Ldata                          data         000000
__LdataBANK0                     dataBANK0    000000
__Leeprom_data                   eeprom_data  000000
__Lfarbss                        farbss       000000
__Lfardata                       fardata      000000
__Lheap                          heap         000000
__Libigdata                      ibigdata     000000
__Lidata                         idata        000000
__LidataBANK0                    idataBANK0   000000
__Lidloc                         idloc        000000
__Lifardata                      ifardata     000000
__Linit                          init         000000
__Lintcode                       intcode      000000
__Lintcode_body                  intcode_body 000000
__Lintcodelo                     intcodelo    000000
__Lintentry                      intentry     000000
__Lintret                        intret       000000
__Lintsave_regs                  intsave_regs 000000
__Lirdata                        irdata       000000
__Lmediumconst                   mediumconst  000000
__LnvFARRAM                      nvFARRAM     000000
__Lnvbit                         nvbit        000000
__Lnvrram                        nvrram       000000
__Lparam                         rparam       000000
__Lpowerup                       powerup      000000
__Lram                           ram          000000
__Lramtop                        ramtop       000E00
__Lrbit                          rbit         000000
__Lrbss                          rbss         000000
__Lrdata                         rdata        000000
__Lreset_vec                     reset_vec    000000
__Lrparam                        rparam       000000
__Lsfr                           sfr          000000
__Lsmallconst                    smallconst   000E00
__Lspace_0                       (abs)        000000
__Lspace_1                       (abs)        000000
__Lspace_2                       (abs)        000000
__Lspace_4                       (abs)        000000
__Lstack                         stack        000000
__Lstruct                        struct       000000
__Ltemp                          temp         000000
__Ltext                          text         000000
__Ltext0                         text0        000000
__Ltext1                         text1        000000
__Ltext10                        text10       000000
__Ltext11                        text11       000000
__Ltext12                        text12       000000
__Ltext13                        text13       000000
__Ltext14                        text14       000000
__Ltext15                        text15       000000
__Ltext16                        text16       000000
__Ltext17                        text17       000000
__Ltext18                        text18       000000
__Ltext19                        text19       000000
__Ltext2                         text2        000000
__Ltext20                        text20       000000
__Ltext21                        text21       000000
__Ltext22                        text22       000000
__Ltext23                        text23       000000
__Ltext24                        text24       000000
__Ltext25                        text25       000000
__Ltext26                        text26       000000
__Ltext27                        text27       000000
__Ltext28                        text28       000000
__Ltext29                        text29       000000
__Ltext3                         text3        000000
__Ltext30                        text30       000000
__Ltext31                        text31       000000
__Ltext32                        text32       000000
__Ltext33                        text33       000000
__Ltext34                        text34       000000
__Ltext35                        text35       000000
__Ltext36                        text36       000000
__Ltext4                         text4        000000
__Ltext5                         text5        000000
__Ltext6                         text6        000000
__Ltext7                         text7        000000
__Ltext8                         text8        000000
__Ltext9                         text9        000000
__S0                             (abs)        004460
__S1                             (abs)        00018B
__S4                             (abs)        000000
__S5                             (abs)        000000
___awdiv                         text35       003DB4
___awdiv@counter                 cstackCOMRAM 000005
___awdiv@dividend                cstackCOMRAM 000001
___awdiv@divisor                 cstackCOMRAM 000003
___awdiv@quotient                cstackCOMRAM 000007
___awdiv@sign                    cstackCOMRAM 000006
___fladd                         text25       00250E
___fladd@a                       cstackCOMRAM 000005
___fladd@aexp                    cstackCOMRAM 00000E
___fladd@b                       cstackCOMRAM 000001
___fladd@bexp                    cstackCOMRAM 00000F
___fladd@grs                     cstackCOMRAM 000010
___fladd@signs                   cstackCOMRAM 00000D
___fldiv                         text28       002DF8
___fldiv@a                       cstackCOMRAM 000026
___fldiv@aexp                    cstackCOMRAM 00003A
___fldiv@b                       cstackCOMRAM 000022
___fldiv@bexp                    cstackCOMRAM 000039
___fldiv@grs                     cstackCOMRAM 000035
___fldiv@new_exp                 cstackCOMRAM 000033
___fldiv@rem                     cstackCOMRAM 00002E
___fldiv@sign                    cstackCOMRAM 000032
___fleq                          text27       003E78
___fleq@ff1                      cstackCOMRAM 000001
___fleq@ff2                      cstackCOMRAM 000005
___flge                          text29       003CB0
___flge@ff1                      cstackCOMRAM 000001
___flge@ff2                      cstackCOMRAM 000005
___flmul                         text26       0029CE
___flmul@a                       cstackCOMRAM 00003F
___flmul@aexp                    cstackCOMRAM 000048
___flmul@b                       cstackCOMRAM 00003B
___flmul@bexp                    cstackCOMRAM 00004D
___flmul@grs                     cstackCOMRAM 000049
___flmul@prod                    cstackCOMRAM 00004E
___flmul@sign                    cstackCOMRAM 000047
___flmul@temp                    cstackCOMRAM 000052
___flsub                         text24       004270
___flsub@a                       cstackCOMRAM 00001E
___flsub@b                       cstackCOMRAM 00001A
___fltol                         text23       003BAA
___fltol@exp1                    cstackCOMRAM 00000A
___fltol@f1                      cstackCOMRAM 000001
___fltol@sign1                   cstackCOMRAM 000009
___heap_hi                       (abs)        000000
___heap_lo                       (abs)        000000
___inthi_sp                      stack        000000
___inthi_stack_hi                stack        000000
___inthi_stack_lo                stack        000000
___intlo_sp                      stack        000000
___intlo_stack_hi                stack        000000
___intlo_stack_lo                stack        000000
___lwdiv                         text33       00405E
___lwdiv@counter                 cstackCOMRAM 00000B
___lwdiv@dividend                cstackCOMRAM 000007
___lwdiv@divisor                 cstackCOMRAM 000009
___lwdiv@quotient                cstackCOMRAM 00000C
___param_bank                    (abs)        000000
___rparam_used                   (abs)        000001
___sp                            stack        000000
___stack_hi                      stack        000000
___stack_lo                      stack        000000
___wmul                          text32       0043EE
___wmul@multiplicand             cstackCOMRAM 000003
___wmul@multiplier               cstackCOMRAM 000001
___wmul@product                  cstackCOMRAM 000005
___xxtofl                        text22       003192
___xxtofl@arg                    cstackCOMRAM 000016
___xxtofl@exp                    cstackCOMRAM 000015
___xxtofl@sign                   cstackCOMRAM 000014
___xxtofl@val                    cstackCOMRAM 00000C
__accesstop                      (abs)        000060
__activetblptr                   (abs)        000000
__end_of_I2C_2_Master_Idle       text19       0043EE
__end_of_I2C_2_Master_Init       text8        0043C6
__end_of_I2C_2_Master_Read       text18       0042F8
__end_of_I2C_2_Master_RepStart   text17       00445E
__end_of_I2C_2_Master_Start      text16       004454
__end_of_I2C_2_Master_Stop       text15       00444A
__end_of_I2C_2_Master_Write      text14       004440
__end_of_RGB_to_HSV              text20       001FFC
__end_of___awdiv                 text35       003E78
__end_of___fladd                 text25       0029CE
__end_of___fldiv                 text28       003192
__end_of___fleq                  text27       003F22
__end_of___flge                  text29       003DB4
__end_of___flmul                 text26       002DF8
__end_of___flsub                 text24       0042B6
__end_of___fltol                 text23       003CB0
__end_of___lwdiv                 text33       0040D2
__end_of___wmul                  text32       004414
__end_of___xxtofl                text22       003346
__end_of__initialization         cinit        004368
__end_of_backward                text30       00393E
__end_of_color_cardCheck         text9        00183A
__end_of_color_click_init        text6        004338
__end_of_color_read_Blue         text13       004270
__end_of_color_read_Clear        text12       004220
__end_of_color_read_Green        text11       0041D0
__end_of_color_read_Red          text10       004180
__end_of_color_writetoaddr       text7        004434
__end_of_custom_floatmodulo      text21       003BAA
__end_of_delay_ms_function       text34       00439C
__end_of_forward                 text5        0034C6
__end_of_initDCmotorsPWM         text36       00405E
__end_of_leftTURN                text4        0037C2
__end_of_main                    text0        003FCA
__end_of_maze_search             text2        00250E
__end_of_pause_until_RF2_pressed text1        004130
__end_of_rightTURN               text3        003644
__end_of_setMotorPWM             text31       003A92
__initialization                 cinit        004338
__mediumconst                    mediumconst  000000
__pbssBANK0                      bssBANK0     0000E3
__pbssBANK1                      bssBANK1     000100
__pcinit                         cinit        004338
__pcstackBANK0                   cstackBANK0  000060
__pcstackBANK1                   cstackBANK1  000189
__pcstackCOMRAM                  cstackCOMRAM 000001
__pdataBANK0                     dataBANK0    0000FD
__pidataBANK0                    idataBANK0   00445E
__psmallconst                    smallconst   000E00
__ptext0                         text0        003F22
__ptext1                         text1        0040D2
__ptext10                        text10       004130
__ptext11                        text11       004180
__ptext12                        text12       0041D0
__ptext13                        text13       004220
__ptext14                        text14       004434
__ptext15                        text15       004440
__ptext16                        text16       00444A
__ptext17                        text17       004454
__ptext18                        text18       0042B6
__ptext19                        text19       0043C6
__ptext2                         text2        001FFC
__ptext20                        text20       00183A
__ptext21                        text21       003A92
__ptext22                        text22       003192
__ptext23                        text23       003BAA
__ptext24                        text24       004270
__ptext25                        text25       00250E
__ptext26                        text26       0029CE
__ptext27                        text27       003E78
__ptext28                        text28       002DF8
__ptext29                        text29       003CB0
__ptext3                         text3        0034C6
__ptext30                        text30       0037C2
__ptext31                        text31       00393E
__ptext32                        text32       0043EE
__ptext33                        text33       00405E
__ptext34                        text34       00436E
__ptext35                        text35       003DB4
__ptext36                        text36       003FCA
__ptext4                         text4        003644
__ptext5                         text5        003346
__ptext6                         text6        0042F8
__ptext7                         text7        004414
__ptext8                         text8        00439C
__ptext9                         text9        000E02
__ramtop                         ramtop       000E00
__smallconst                     smallconst   000E00
_backward                        text30       0037C2
_calibration                     bssBANK1     000182
_color_cardCheck                 text9        000E02
_color_click_init                text6        0042F8
_color_read_Blue                 text13       004220
_color_read_Clear                text12       0041D0
_color_read_Green                text11       004180
_color_read_Red                  text10       004130
_color_writetoaddr               text7        004414
_custom_floatmodulo              text21       003A92
_delay_ms_function               text34       00436E
_forward                         text5        003346
_initDCmotorsPWM                 text36       003FCA
_leftTURN                        text4        003644
_length                          dataBANK0    0000FD
_main                            text0        003F22
_maze_search                     text2        001FFC
_maze_search$2703                cstackBANK1  00018A
_maze_search$2704                cstackBANK1  000189
_motorL                          bssBANK0     0000F4
_motorR                          bssBANK0     0000EB
_pause_until_RF2_pressed         text1        0040D2
_rightTURN                       text3        0034C6
_setMotorPWM                     text31       00393E
_temp                            dataBANK0    0000FE
backward@Distance_Calibration    cstackCOMRAM 000018
backward@delay_time              cstackCOMRAM 00001F
backward@i                       cstackCOMRAM 000019
backward@j                       cstackCOMRAM 00001B
backward@mL                      cstackCOMRAM 000013
backward@mR                      cstackCOMRAM 000014
backward@max_power               cstackCOMRAM 00001D
color_cardCheck@H                cstackBANK0  0000D3
color_cardCheck@S                cstackBANK0  0000D7
color_cardCheck@V                cstackBANK0  0000DB
color_cardCheck@b                cstackBANK0  0000C9
color_cardCheck@c                cstackBANK0  0000CD
color_cardCheck@card_color       cstackBANK0  0000D1
color_cardCheck@g                cstackBANK0  0000C5
color_cardCheck@r                cstackBANK0  0000C1
color_read_Blue@tmp              cstackCOMRAM 00000A
color_read_Clear@tmp             cstackCOMRAM 00000A
color_read_Green@tmp             cstackCOMRAM 00000A
color_read_Red@tmp               cstackCOMRAM 00000A
color_writetoaddr@address        cstackCOMRAM 000004
color_writetoaddr@value          cstackCOMRAM 000003
custom_floatmodulo@intPart       cstackBANK0  000068
custom_floatmodulo@quotient      cstackBANK0  000060
custom_floatmodulo@remainder     cstackBANK0  000064
custom_floatmodulo@x             cstackCOMRAM 000054
custom_floatmodulo@y             cstackCOMRAM 000058
delay_ms_function@milliseconds   cstackCOMRAM 000001
end_of_initialization            cinit        004368
forward@Distance_Calibration     cstackCOMRAM 000018
forward@delay_time               cstackCOMRAM 00001F
forward@i                        cstackCOMRAM 000019
forward@j                        cstackCOMRAM 00001B
forward@mL                       cstackCOMRAM 000013
forward@mR                       cstackCOMRAM 000014
forward@max_power                cstackCOMRAM 00001D
initDCmotorsPWM@PWMperiod        cstackCOMRAM 000001
intlevel0                        text         000000
intlevel1                        text         000000
intlevel2                        text         000000
intlevel3                        text         000000
isa$std                          (abs)        000001
isa$xinst                        (abs)        000000
leftTURN@delay_time              cstackCOMRAM 00001F
leftTURN@i                       cstackCOMRAM 000019
leftTURN@j                       cstackCOMRAM 00001B
leftTURN@mL                      cstackCOMRAM 000013
leftTURN@mR                      cstackCOMRAM 000014
leftTURN@max_power               cstackCOMRAM 00001D
leftTURN@rotation_calibration    cstackCOMRAM 000018
maze_search@c                    cstackBANK0  0000DF
maze_search@mL                   cstackBANK0  0000E1
maze_search@mR                   cstackBANK0  0000E2
rightTURN@delay_time             cstackCOMRAM 00001F
rightTURN@i                      cstackCOMRAM 000019
rightTURN@j                      cstackCOMRAM 00001B
rightTURN@mL                     cstackCOMRAM 000013
rightTURN@mR                     cstackCOMRAM 000014
rightTURN@max_power              cstackCOMRAM 00001D
rightTURN@rotation_calibration   cstackCOMRAM 000018
setMotorPWM@m                    cstackCOMRAM 00000E
setMotorPWM@negDuty              cstackCOMRAM 000012
setMotorPWM@posDuty              cstackCOMRAM 000011
stackhi                          (abs)        000000
stacklo                          (abs)        000000
start                            init         000000
start_initialization             cinit        004338


MODULE INFORMATION

Module		Function		Class		Link	Load	Size
C:\Program Files\Microchip\xc8\v2.45\pic\sources\c99\common\Umul16.c
		___wmul        		CODE           	43EE	0000	38

C:\Program Files\Microchip\xc8\v2.45\pic\sources\c99\common\Umul16.c estimated size: 38

color.c
		_color_writetoaddr		CODE           	4414	0000	32
		_custom_floatmodulo		CODE           	3A92	0000	280
		_color_click_init		CODE           	42F8	0000	64
		_color_read_Green		CODE           	4180	0000	80
		_color_read_Clear		CODE           	41D0	0000	80
		_color_cardCheck		CODE           	0E02	0000	2616
		_color_read_Red		CODE           	4130	0000	80
		_color_read_Blue		CODE           	4220	0000	80
		_RGB_to_HSV    		CODE           	183A	0000	1986

color.c estimated size: 5298

C:\Program Files\Microchip\xc8\v2.45\pic\sources\c99\common\fleq.c
		___fleq        		CODE           	3E78	0000	170

C:\Program Files\Microchip\xc8\v2.45\pic\sources\c99\common\fleq.c estimated size: 170

i2c.c
		_I2C_2_Master_Start		CODE           	444A	0000	10
		_I2C_2_Master_Read		CODE           	42B6	0000	66
		_I2C_2_Master_Idle		CODE           	43C6	0000	40
		_I2C_2_Master_Init		CODE           	439C	0000	42
		_I2C_2_Master_Stop		CODE           	4440	0000	10
		_I2C_2_Master_RepStart		CODE           	4454	0000	10
		_I2C_2_Master_Write		CODE           	4434	0000	12

i2c.c estimated size: 190

C:\Program Files\Microchip\xc8\v2.45\pic\sources\c99\common\sprcmul.c
		___flmul       		CODE           	29CE	0000	1066

C:\Program Files\Microchip\xc8\v2.45\pic\sources\c99\common\sprcmul.c estimated size: 1066

calibration.c
		_pause_until_RF2_pressed		CODE           	40D2	0000	94

calibration.c estimated size: 94

C:\Program Files\Microchip\xc8\v2.45\pic\sources\c99\common\sprcdiv.c
		___fldiv       		CODE           	2DF8	0000	922

C:\Program Files\Microchip\xc8\v2.45\pic\sources\c99\common\sprcdiv.c estimated size: 922

C:\Program Files\Microchip\xc8\v2.45\pic\sources\c99\common\flge.c
		___flge        		CODE           	3CB0	0000	260

C:\Program Files\Microchip\xc8\v2.45\pic\sources\c99\common\flge.c estimated size: 260

shared
		__initialization		CODE           	4338	0000	48

shared estimated size: 48

C:\Program Files\Microchip\xc8\v2.45\pic\sources\c99\common\xxtofl.c
		___xxtofl      		CODE           	3192	0000	436

C:\Program Files\Microchip\xc8\v2.45\pic\sources\c99\common\xxtofl.c estimated size: 436

pathfinder_file.c
		_maze_search   		CODE           	1FFC	0000	1298

pathfinder_file.c estimated size: 1298

C:\Program Files\Microchip\xc8\v2.45\pic\sources\c99\common\sprcadd.c
		___flsub       		CODE           	4270	0000	70
		___fladd       		CODE           	250E	0000	1216

C:\Program Files\Microchip\xc8\v2.45\pic\sources\c99\common\sprcadd.c estimated size: 1286

dc_motor_v1.c
		_delay_ms_function		CODE           	436E	0000	46
		_initDCmotorsPWM		CODE           	3FCA	0000	148
		_rightTURN     		CODE           	34C6	0000	382
		_forward       		CODE           	3346	0000	384
		_setMotorPWM   		CODE           	393E	0000	340
		_leftTURN      		CODE           	3644	0000	382
		_backward      		CODE           	37C2	0000	380

dc_motor_v1.c estimated size: 2062

main.c
		_main          		CODE           	3F22	0000	168

main.c estimated size: 168

C:\Program Files\Microchip\xc8\v2.45\pic\sources\c99\common\lwdiv.c
		___lwdiv       		CODE           	405E	0000	116

C:\Program Files\Microchip\xc8\v2.45\pic\sources\c99\common\lwdiv.c estimated size: 116

C:\Program Files\Microchip\xc8\v2.45\pic\sources\c99\common\awdiv.c
		___awdiv       		CODE           	3DB4	0000	196

C:\Program Files\Microchip\xc8\v2.45\pic\sources\c99\common\awdiv.c estimated size: 196

C:\Program Files\Microchip\xc8\v2.45\pic\sources\c99\common\fltol.c
		___fltol       		CODE           	3BAA	0000	262

C:\Program Files\Microchip\xc8\v2.45\pic\sources\c99\common\fltol.c estimated size: 262

