Microchip MPLAB XC8 Compiler V2.45

Linker command line:

-W-3 \
  --edf=C:\Program Files\Microchip\xc8\v2.45\pic\dat\20230818022343_en.msgs \
  -cn \
  -h+dist/default/production\final-project-tomas-thomas.X.production.sym \
  --cmf=dist/default/production\final-project-tomas-thomas.X.production.cmf \
  -z -Q18F67K40 \
  -oC:\Users\tjhla\AppData\Local\Temp\xcAs13f0.\driver_tmp_3.o \
  --defsym=__MPLAB_BUILD=1 --fixupoverflow=error \
  -Mdist/default/production/final-project-tomas-thomas.X.production.map \
  --md=C:\Users\tjhla\AppData\Local\Temp\xcAs13f0.\driver_tmp_0.dat -E1 \
  -ver=XC8 Compiler --acfsm=1493 -ACODE=00h-01FFFFh -ACONST=00h-01FFFFh \
  -ASMALLCONST=0E00h-0EFFhx498 -AMEDIUMCONST=0E00h-0FFFFh,010E00h-01FFFFh \
  -ACOMRAM=01h-05Fh -AABS1=00h-0DE9h -ABIGRAM=01h-0DE9h \
  -ARAM=060h-0FFh,0100h-01FFhx12,0D00h-0DE9h -ABANK0=060h-0FFh \
  -ABANK1=0100h-01FFh -ABANK2=0200h-02FFh -ABANK3=0300h-03FFh \
  -ABANK4=0400h-04FFh -ABANK5=0500h-05FFh -ABANK6=0600h-06FFh \
  -ABANK7=0700h-07FFh -ABANK8=0800h-08FFh -ABANK9=0900h-09FFh \
  -ABANK10=0A00h-0AFFh -ABANK11=0B00h-0BFFh -ABANK12=0C00h-0CFFh \
  -ABANK13=0D00h-0DE9h \
  -ASFR=0DEFh-0DFFh,0E00h-0EFFh,0F00h-0F5Fh,0F60h-0FFFh \
  -ABIGSFR=0DEFh-0FFFh -ACONFIG=0300000h-030000Bh -AIDLOC=0200000h-020000Fh \
  -AEEDATA=0310000h-03103FFh -peeprom_data=EEDATA \
  -preset_vec=00h,intcode,intcodelo,powerup,init -pramtop=0E00h \
  -psmallconst=SMALLCONST -pmediumconst=MEDIUMCONST -pconst=CONST \
  -AFARRAM=00h-00h \
  -prdata=COMRAM,nvrram=COMRAM,nvbit=COMRAM,rbss=COMRAM,rbit=COMRAM \
  -pfarbss=FARRAM,fardata=FARRAM,nvFARRAM=FARRAM \
  -pintsave_regs=BIGRAM,bigbss=BIGRAM,bigdata=BIGRAM -pbss=RAM \
  -pidata=CODE,irdata=CODE,ibigdata=CODE,ifardata=CODE -prparam=COMRAM \
  C:\Users\tjhla\AppData\Local\Temp\xcAs13f0.\driver_tmp_14.o \
  dist/default/production\final-project-tomas-thomas.X.production.o 

Object code version is 3.11

Machine type is 18F67K40



                Name                               Link     Load   Length Selector   Space Scale
C:\Users\tjhla\AppData\Local\Temp\xcAs13f0.\driver_tmp_14.o
                config                           300000   300000        6        0       4
                init                                  0        0        4        0       0
dist/default/production\final-project-tomas-thomas.X.production.o
                config                           300000   300000        6        0       4
                smallconst                          E00      E00        8      700       0
                text44                             3998     3998      156      704       0
                text43                             3D0C     3D0C      104      704       0
                text42                             28EC     28EC      39A      704       0
                text41                             4040     4040       AA      704       0
                text40                             24C2     24C2      42A      704       0
                text39                             2002     2002      4C0      704       0
                text38                             4396     4396       46      704       0
                text37                             3C06     3C06      106      704       0
                text36                             2FEC     2FEC      1B4      704       0
                text35                             3AEE     3AEE      118      704       0
                text34                             1840     1840      7C2      704       0
                text33                             4594     4594       28      704       0
                text32                             441E     441E       42      704       0
                text31                             4658     4658        A      704       0
                text30                             464E     464E        A      704       0
                text29                             4644     4644        A      704       0
                text28                             4638     4638        C      704       0
                text27                             4346     4346       50      704       0
                text26                             42F6     42F6       50      704       0
                text25                             42A6     42A6       50      704       0
                text24                             4256     4256       50      704       0
                text23                              E08      E08      A38      704       0
                text22                             456A     456A       2A      704       0
                text21                             45E2     45E2       20      704       0
                text20                             4460     4460       40      704       0
                text19                             3E10     3E10       C4      704       0
                text18                             453C     453C       2E      704       0
                text17                             417E     417E       74      704       0
                text16                             45BC     45BC       26      704       0
                text15                             382C     382C      16C      704       0
                text14                             31A0     31A0      1A8      704       0
                text13                             40EA     40EA       94      704       0
                text12                             4602     4602       1E      704       0
                text11                             4620     4620       18      704       0
                text10                             450C     450C       30      704       0
                text9                              41F2     41F2       64      704       0
                text8                              4662     4662        2      704       0
                text7                              3ED4     3ED4       BA      704       0
                text6                              3694     3694      198      704       0
                text5                              43DC     43DC       42      704       0
                text4                              44A0     44A0       3C      704       0
                text3                              3F8E     3F8E       B2      704       0
                text2                              34EE     34EE      1A6      704       0
                text1                              3348     3348      1A6      704       0
                text0                              2C86     2C86      366      704       0
                cstackCOMRAM                          1        1       5F        1       1
                cstackBANK0                          60       60       7F       60       1
                cstackBANK1                         18B      18B       2E      100       1
                bssBANK1                            100      100       8B      100       1
                dataBANK0                            FC       FC        1       60       1
                bssBANK0                             DF       DF       1D       60       1
                cinit                              44DC     44DC       30      704       0
                idataBANK0                         4664     4664        1      704       0

TOTAL           Name                               Link     Load   Length     Space
        CLASS   CODE           
                init                                  0        0        4         0
                text44                             3998     3998      156         0
                text43                             3D0C     3D0C      104         0
                text42                             28EC     28EC      39A         0
                text41                             4040     4040       AA         0
                text40                             24C2     24C2      42A         0
                text39                             2002     2002      4C0         0
                text38                             4396     4396       46         0
                text37                             3C06     3C06      106         0
                text36                             2FEC     2FEC      1B4         0
                text35                             3AEE     3AEE      118         0
                text34                             1840     1840      7C2         0
                text33                             4594     4594       28         0
                text32                             441E     441E       42         0
                text31                             4658     4658        A         0
                text30                             464E     464E        A         0
                text29                             4644     4644        A         0
                text28                             4638     4638        C         0
                text27                             4346     4346       50         0
                text26                             42F6     42F6       50         0
                text25                             42A6     42A6       50         0
                text24                             4256     4256       50         0
                text23                              E08      E08      A38         0
                text22                             456A     456A       2A         0
                text21                             45E2     45E2       20         0
                text20                             4460     4460       40         0
                text19                             3E10     3E10       C4         0
                text18                             453C     453C       2E         0
                text17                             417E     417E       74         0
                text16                             45BC     45BC       26         0
                text15                             382C     382C      16C         0
                text14                             31A0     31A0      1A8         0
                text13                             40EA     40EA       94         0
                text12                             4602     4602       1E         0
                text11                             4620     4620       18         0
                text10                             450C     450C       30         0
                text9                              41F2     41F2       64         0
                text8                              4662     4662        2         0
                text7                              3ED4     3ED4       BA         0
                text6                              3694     3694      198         0
                text5                              43DC     43DC       42         0
                text4                              44A0     44A0       3C         0
                text3                              3F8E     3F8E       B2         0
                text2                              34EE     34EE      1A6         0
                text1                              3348     3348      1A6         0
                text0                              2C86     2C86      366         0
                cinit                              44DC     44DC       30         0
                idataBANK0                         4664     4664        1         0

        CLASS   CONST          

        CLASS   SMALLCONST     
                smallconst                          E00      E00        8         0

        CLASS   MEDIUMCONST    

        CLASS   COMRAM         
                cstackCOMRAM                          1        1       5F         1

        CLASS   ABS1           

        CLASS   BIGRAM         

        CLASS   RAM            

        CLASS   BANK0          
                cstackBANK0                          60       60       7F         1
                dataBANK0                            FC       FC        1         1
                bssBANK0                             DF       DF       1D         1

        CLASS   BANK1          
                cstackBANK1                         18B      18B       2E         1
                bssBANK1                            100      100       8B         1

        CLASS   BANK2          

        CLASS   BANK3          

        CLASS   BANK4          

        CLASS   BANK5          

        CLASS   BANK6          

        CLASS   BANK7          

        CLASS   BANK8          

        CLASS   BANK9          

        CLASS   BANK10         

        CLASS   BANK11         

        CLASS   BANK12         

        CLASS   BANK13         

        CLASS   SFR            

        CLASS   BIGSFR         

        CLASS   CONFIG         
                config                           300000   300000        6         4

        CLASS   IDLOC          

        CLASS   EEDATA         

        CLASS   FARRAM         

        CLASS   HEAP           

        CLASS   STACK          



SEGMENTS        Name                           Load    Length   Top    Selector   Space  Class

                reset_vec                      000000  000004  000004         0       0  CODE    
                cstackCOMRAM                   000001  00005F  000060         1       1  COMRAM  
                cstackBANK0                    000060  00009D  0000FD        60       1  BANK0   
                bssBANK1                       000100  0000B9  0001B9       100       1  BANK1   
                smallconst                     000E00  000008  000E08       700       0  SMALLCON
                text23                         000E08  00385D  004665       704       0  CODE    


UNUSED ADDRESS RANGES

        Name                Unused          Largest block    Delta
        BANK0            0000FD-0000FF                3
        BANK1            0001B9-0001FF               47
        BANK10           000A00-000AFF              100
        BANK11           000B00-000BFF              100
        BANK12           000C00-000CFF              100
        BANK13           000D00-000DE9               EA
        BANK2            000200-0002FF              100
        BANK3            000300-0003FF              100
        BANK4            000400-0004FF              100
        BANK5            000500-0005FF              100
        BANK6            000600-0006FF              100
        BANK7            000700-0007FF              100
        BANK8            000800-0008FF              100
        BANK9            000900-0009FF              100
        BIGRAM           0000FD-0000FF                3
                         0001B9-000DE9              C31
        BIGSFR           000DEF-000FFF              211
        CODE             000004-000DFF              DFC
                         004665-01FFFF            1B99B
        CONFIG           300006-30000B                6
        CONST            000004-000DFF              DFC
                         004665-01FFFF            1B99B
        EEDATA           310000-3103FF              400
        IDLOC            200000-20000F               10
        MEDIUMCONST      004665-00FFFF             B99B
                         010E00-01FFFF             F200
        RAM              0000FD-0000FF                3
                         0001B9-000DE9              100
        SFR              000DEF-000FFF              100
        SMALLCONST       004665-01FFFF              100

                                  Symbol Table

?___awdiv                            cstackCOMRAM 000001
?___fladd                            cstackCOMRAM 000001
?___fldiv                            cstackCOMRAM 000022
?___flmul                            cstackCOMRAM 00003B
?___flsub                            cstackCOMRAM 00001A
?___fltol                            cstackCOMRAM 000001
?___lwdiv                            cstackCOMRAM 000007
?___lwmod                            cstackCOMRAM 000001
?___wmul                             cstackCOMRAM 000001
?___xxtofl                           cstackCOMRAM 00000C
?_color_cardCheck                    cstackCOMRAM 00005C
?_color_read_Blue                    cstackCOMRAM 000005
?_color_read_Clear                   cstackCOMRAM 000005
?_color_read_Green                   cstackCOMRAM 000005
?_color_read_Red                     cstackCOMRAM 000005
?_custom_floatmodulo                 cstackCOMRAM 000054
?_sprintf                            cstackCOMRAM 00001D
?_vfprintf                           cstackCOMRAM 000019
I2C_2_Master_Read@ack                cstackCOMRAM 000003
I2C_2_Master_Read@tmp                cstackCOMRAM 000004
I2C_2_Master_Write@data_byte         cstackCOMRAM 000002
RGB_to_HSV@B                         cstackBANK0  000072
RGB_to_HSV@C                         cstackBANK0  000076
RGB_to_HSV@G                         cstackBANK0  00006E
RGB_to_HSV@H                         cstackBANK0  00007A
RGB_to_HSV@H_temp                    cstackBANK0  0000A9
RGB_to_HSV@R                         cstackBANK0  00006A
RGB_to_HSV@S                         cstackBANK0  00007B
RGB_to_HSV@V                         cstackBANK0  00007C
RGB_to_HSV@b                         cstackBANK0  0000BD
RGB_to_HSV@c_norm                    cstackBANK0  00007D
RGB_to_HSV@deltaRGB                  cstackBANK0  0000AD
RGB_to_HSV@g                         cstackBANK0  0000B9
RGB_to_HSV@maxRGB                    cstackBANK0  0000B1
RGB_to_HSV@minRGB                    cstackBANK0  000099
RGB_to_HSV@r                         cstackBANK0  0000B5
_ANSELDbits                          (abs)        000EA7
_ANSELFbits                          (abs)        000EB4
_BAUD4CONbits                        (abs)        000EE9
_CCP1CONbits                         (abs)        000FAB
_CCP2CONbits                         (abs)        000FA7
_CCP3CONbits                         (abs)        000F26
_CCP4CONbits                         (abs)        000F22
_CCPR1H                              (abs)        000FAA
_CCPR2H                              (abs)        000FA6
_CCPR3H                              (abs)        000F25
_CCPR4H                              (abs)        000F21
_CCPTMRS0bits                        (abs)        000FAD
_EUSART4RXbuf                        bssBANK0     0000DF
_EUSART4TXbuf                        bssBANK1     000100
_I2C_2_Master_Idle                   text33       004594
_I2C_2_Master_Init                   text22       00456A
_I2C_2_Master_Read                   text32       00441E
_I2C_2_Master_RepStart               text31       004658
_I2C_2_Master_Start                  text30       00464E
_I2C_2_Master_Stop                   text29       004644
_I2C_2_Master_Write                  text28       004638
_LATAbits                            (abs)        000F79
_LATCbits                            (abs)        000F7B
_LATDbits                            (abs)        000F7C
_LATEbits                            (abs)        000F7D
_LATFbits                            (abs)        000F7E
_LATGbits                            (abs)        000F7F
_LATHbits                            (abs)        000F80
_PIE4bits                            (abs)        000E2D
_PIR4bits                            (abs)        000E37
_PORTFbits                           (abs)        000F8E
_RC0PPS                              (abs)        000E62
_RC4REG                              (abs)        000EE3
_RC4STAbits                          (abs)        000EE7
_RC7PPS                              (abs)        000E69
_RD5PPS                              (abs)        000E6F
_RD6PPS                              (abs)        000E70
_RE2PPS                              (abs)        000E74
_RE4PPS                              (abs)        000E76
_RG6PPS                              (abs)        000E88
_RGB_to_HSV                          text34       001840
_RGB_to_HSV$2676                     cstackBANK0  000081
_RGB_to_HSV$2677                     cstackBANK0  000085
_RGB_to_HSV$2678                     cstackBANK0  000089
_RGB_to_HSV$2679                     cstackBANK0  0000A5
_RGB_to_HSV$2680                     cstackBANK0  00008D
_RGB_to_HSV$318                      cstackBANK0  000091
_RGB_to_HSV$319                      cstackBANK0  000095
_RGB_to_HSV$321                      cstackBANK0  00009D
_RGB_to_HSV$322                      cstackBANK0  0000A1
_RX4PPS                              (abs)        000E15
_RxBufReadCnt                        bssBANK0     0000FA
_RxBufWriteCnt                       bssBANK0     0000FB
_SP4BRGH                             (abs)        000EE6
_SP4BRGL                             (abs)        000EE5
_SSP2ADD                             (abs)        000ED6
_SSP2BUF                             (abs)        000ED5
_SSP2CLKPPS                          (abs)        000E1C
_SSP2CON1bits                        (abs)        000ED9
_SSP2CON2                            (abs)        000EDA
_SSP2CON2bits                        (abs)        000EDA
_SSP2DATPPS                          (abs)        000E1D
_SSP2STAT                            (abs)        000ED8
_T2CLKCONbits                        (abs)        000FBF
_T2CONbits                           (abs)        000FBD
_T2HLTbits                           (abs)        000FBE
_T2PR                                (abs)        000FBC
_TRISAbits                           (abs)        000F81
_TRISCbits                           (abs)        000F83
_TRISDbits                           (abs)        000F84
_TRISEbits                           (abs)        000F85
_TRISFbits                           (abs)        000F86
_TRISGbits                           (abs)        000F87
_TRISHbits                           (abs)        000F88
_TX4REG                              (abs)        000EE4
_TX4STAbits                          (abs)        000EE8
_TxBufReadCnt                        bssBANK0     0000F8
_TxBufWriteCnt                       bssBANK0     0000F9
__HRAM                               (abs)        000000
__H__absolute__                      __absolute__ 000000
__Habs1                              abs1         000000
__Hbank0                             bank0        000000
__Hbank1                             bank1        000000
__Hbank10                            bank10       000000
__Hbank11                            bank11       000000
__Hbank12                            bank12       000000
__Hbank13                            bank13       000000
__Hbank2                             bank2        000000
__Hbank3                             bank3        000000
__Hbank4                             bank4        000000
__Hbank5                             bank5        000000
__Hbank6                             bank6        000000
__Hbank7                             bank7        000000
__Hbank8                             bank8        000000
__Hbank9                             bank9        000000
__Hbigbss                            bigbss       000000
__Hbigdata                           bigdata      000000
__Hbigram                            bigram       000000
__Hbigsfr                            bigsfr       000000
__Hbss                               bss          000000
__HbssBANK0                          bssBANK0     000000
__HbssBANK1                          bssBANK1     000000
__Hcinit                             cinit        000000
__Hclrtext                           clrtext      000000
__Hcomram                            comram       000000
__Hconfig                            config       300006
__Hconst                             const        000000
__HcstackBANK0                       cstackBANK0  000000
__HcstackBANK1                       cstackBANK1  000000
__HcstackCOMRAM                      cstackCOMRAM 000000
__Hdata                              data         000000
__HdataBANK0                         dataBANK0    000000
__Heeprom_data                       eeprom_data  000000
__Hfarbss                            farbss       000000
__Hfardata                           fardata      000000
__Hheap                              heap         000000
__Hibigdata                          ibigdata     000000
__Hidata                             idata        000000
__HidataBANK0                        idataBANK0   000000
__Hidloc                             idloc        000000
__Hifardata                          ifardata     000000
__Hinit                              init         000004
__Hintcode                           intcode      000000
__Hintcode_body                      intcode_body 000000
__Hintcodelo                         intcodelo    000000
__Hintentry                          intentry     000000
__Hintret                            intret       000000
__Hintsave_regs                      intsave_regs 000000
__Hirdata                            irdata       000000
__Hmediumconst                       mediumconst  000000
__HnvFARRAM                          nvFARRAM     000000
__Hnvbit                             nvbit        000000
__Hnvrram                            nvrram       000000
__Hparam                             rparam       000000
__Hpowerup                           powerup      000000
__Hram                               ram          000000
__Hramtop                            ramtop       000E00
__Hrbit                              rbit         000000
__Hrbss                              rbss         000000
__Hrdata                             rdata        000000
__Hreset_vec                         reset_vec    000000
__Hrparam                            rparam       000000
__Hsfr                               sfr          000000
__Hsmallconst                        smallconst   000E08
__Hspace_0                           (abs)        004665
__Hspace_1                           (abs)        0001B9
__Hspace_2                           (abs)        000000
__Hspace_4                           (abs)        600006
__Hstack                             stack        000000
__Hstruct                            struct       000000
__Htemp                              temp         000000
__Htext                              text         000000
__Htext0                             text0        000000
__Htext1                             text1        000000
__Htext10                            text10       000000
__Htext11                            text11       000000
__Htext12                            text12       000000
__Htext13                            text13       000000
__Htext14                            text14       000000
__Htext15                            text15       000000
__Htext16                            text16       000000
__Htext17                            text17       000000
__Htext18                            text18       000000
__Htext19                            text19       000000
__Htext2                             text2        000000
__Htext20                            text20       000000
__Htext21                            text21       000000
__Htext22                            text22       000000
__Htext23                            text23       000000
__Htext24                            text24       000000
__Htext25                            text25       000000
__Htext26                            text26       000000
__Htext27                            text27       000000
__Htext28                            text28       000000
__Htext29                            text29       000000
__Htext3                             text3        000000
__Htext30                            text30       000000
__Htext31                            text31       000000
__Htext32                            text32       000000
__Htext33                            text33       000000
__Htext34                            text34       000000
__Htext35                            text35       000000
__Htext36                            text36       000000
__Htext37                            text37       000000
__Htext38                            text38       000000
__Htext39                            text39       000000
__Htext4                             text4        000000
__Htext40                            text40       000000
__Htext41                            text41       000000
__Htext42                            text42       000000
__Htext43                            text43       000000
__Htext44                            text44       000000
__Htext5                             text5        000000
__Htext6                             text6        000000
__Htext7                             text7        000000
__Htext8                             text8        000000
__Htext9                             text9        000000
__LRAM                               (abs)        000001
__L__absolute__                      __absolute__ 000000
__Labs1                              abs1         000000
__Lbank0                             bank0        000000
__Lbank1                             bank1        000000
__Lbank10                            bank10       000000
__Lbank11                            bank11       000000
__Lbank12                            bank12       000000
__Lbank13                            bank13       000000
__Lbank2                             bank2        000000
__Lbank3                             bank3        000000
__Lbank4                             bank4        000000
__Lbank5                             bank5        000000
__Lbank6                             bank6        000000
__Lbank7                             bank7        000000
__Lbank8                             bank8        000000
__Lbank9                             bank9        000000
__Lbigbss                            bigbss       000000
__Lbigdata                           bigdata      000000
__Lbigram                            bigram       000000
__Lbigsfr                            bigsfr       000000
__Lbss                               bss          000000
__LbssBANK0                          bssBANK0     000000
__LbssBANK1                          bssBANK1     000000
__Lcinit                             cinit        000000
__Lclrtext                           clrtext      000000
__Lcomram                            comram       000000
__Lconfig                            config       000000
__Lconst                             const        000000
__LcstackBANK0                       cstackBANK0  000000
__LcstackBANK1                       cstackBANK1  000000
__LcstackCOMRAM                      cstackCOMRAM 000000
__Ldata                              data         000000
__LdataBANK0                         dataBANK0    000000
__Leeprom_data                       eeprom_data  000000
__Lfarbss                            farbss       000000
__Lfardata                           fardata      000000
__Lheap                              heap         000000
__Libigdata                          ibigdata     000000
__Lidata                             idata        000000
__LidataBANK0                        idataBANK0   000000
__Lidloc                             idloc        000000
__Lifardata                          ifardata     000000
__Linit                              init         000000
__Lintcode                           intcode      000000
__Lintcode_body                      intcode_body 000000
__Lintcodelo                         intcodelo    000000
__Lintentry                          intentry     000000
__Lintret                            intret       000000
__Lintsave_regs                      intsave_regs 000000
__Lirdata                            irdata       000000
__Lmediumconst                       mediumconst  000000
__LnvFARRAM                          nvFARRAM     000000
__Lnvbit                             nvbit        000000
__Lnvrram                            nvrram       000000
__Lparam                             rparam       000000
__Lpowerup                           powerup      000000
__Lram                               ram          000000
__Lramtop                            ramtop       000E00
__Lrbit                              rbit         000000
__Lrbss                              rbss         000000
__Lrdata                             rdata        000000
__Lreset_vec                         reset_vec    000000
__Lrparam                            rparam       000000
__Lsfr                               sfr          000000
__Lsmallconst                        smallconst   000E00
__Lspace_0                           (abs)        000000
__Lspace_1                           (abs)        000000
__Lspace_2                           (abs)        000000
__Lspace_4                           (abs)        000000
__Lstack                             stack        000000
__Lstruct                            struct       000000
__Ltemp                              temp         000000
__Ltext                              text         000000
__Ltext0                             text0        000000
__Ltext1                             text1        000000
__Ltext10                            text10       000000
__Ltext11                            text11       000000
__Ltext12                            text12       000000
__Ltext13                            text13       000000
__Ltext14                            text14       000000
__Ltext15                            text15       000000
__Ltext16                            text16       000000
__Ltext17                            text17       000000
__Ltext18                            text18       000000
__Ltext19                            text19       000000
__Ltext2                             text2        000000
__Ltext20                            text20       000000
__Ltext21                            text21       000000
__Ltext22                            text22       000000
__Ltext23                            text23       000000
__Ltext24                            text24       000000
__Ltext25                            text25       000000
__Ltext26                            text26       000000
__Ltext27                            text27       000000
__Ltext28                            text28       000000
__Ltext29                            text29       000000
__Ltext3                             text3        000000
__Ltext30                            text30       000000
__Ltext31                            text31       000000
__Ltext32                            text32       000000
__Ltext33                            text33       000000
__Ltext34                            text34       000000
__Ltext35                            text35       000000
__Ltext36                            text36       000000
__Ltext37                            text37       000000
__Ltext38                            text38       000000
__Ltext39                            text39       000000
__Ltext4                             text4        000000
__Ltext40                            text40       000000
__Ltext41                            text41       000000
__Ltext42                            text42       000000
__Ltext43                            text43       000000
__Ltext44                            text44       000000
__Ltext5                             text5        000000
__Ltext6                             text6        000000
__Ltext7                             text7        000000
__Ltext8                             text8        000000
__Ltext9                             text9        000000
__S0                                 (abs)        004665
__S1                                 (abs)        0001B9
__S4                                 (abs)        000000
__S5                                 (abs)        000000
___awdiv                             text19       003E10
___awdiv@counter                     cstackCOMRAM 000005
___awdiv@dividend                    cstackCOMRAM 000001
___awdiv@divisor                     cstackCOMRAM 000003
___awdiv@quotient                    cstackCOMRAM 000007
___awdiv@sign                        cstackCOMRAM 000006
___fladd                             text39       002002
___fladd@a                           cstackCOMRAM 000005
___fladd@aexp                        cstackCOMRAM 00000E
___fladd@b                           cstackCOMRAM 000001
___fladd@bexp                        cstackCOMRAM 00000F
___fladd@grs                         cstackCOMRAM 000010
___fladd@signs                       cstackCOMRAM 00000D
___fldiv                             text42       0028EC
___fldiv@a                           cstackCOMRAM 000026
___fldiv@aexp                        cstackCOMRAM 00003A
___fldiv@b                           cstackCOMRAM 000022
___fldiv@bexp                        cstackCOMRAM 000039
___fldiv@grs                         cstackCOMRAM 000035
___fldiv@new_exp                     cstackCOMRAM 000033
___fldiv@rem                         cstackCOMRAM 00002E
___fldiv@sign                        cstackCOMRAM 000032
___fleq                              text41       004040
___fleq@ff1                          cstackCOMRAM 000001
___fleq@ff2                          cstackCOMRAM 000005
___flge                              text43       003D0C
___flge@ff1                          cstackCOMRAM 000001
___flge@ff2                          cstackCOMRAM 000005
___flmul                             text40       0024C2
___flmul@a                           cstackCOMRAM 00003F
___flmul@aexp                        cstackCOMRAM 00004C
___flmul@b                           cstackCOMRAM 00003B
___flmul@bexp                        cstackCOMRAM 00004D
___flmul@grs                         cstackCOMRAM 000048
___flmul@prod                        cstackCOMRAM 00004E
___flmul@sign                        cstackCOMRAM 000047
___flmul@temp                        cstackCOMRAM 000052
___flsub                             text38       004396
___flsub@a                           cstackCOMRAM 00001E
___flsub@b                           cstackCOMRAM 00001A
___fltol                             text37       003C06
___fltol@exp1                        cstackCOMRAM 00000A
___fltol@f1                          cstackCOMRAM 000001
___fltol@sign1                       cstackCOMRAM 000009
___heap_hi                           (abs)        000000
___heap_lo                           (abs)        000000
___inthi_sp                          stack        000000
___inthi_stack_hi                    stack        000000
___inthi_stack_lo                    stack        000000
___intlo_sp                          stack        000000
___intlo_stack_hi                    stack        000000
___intlo_stack_lo                    stack        000000
___lwdiv                             text17       00417E
___lwdiv@counter                     cstackCOMRAM 00000D
___lwdiv@dividend                    cstackCOMRAM 000007
___lwdiv@divisor                     cstackCOMRAM 000009
___lwdiv@quotient                    cstackCOMRAM 00000B
___lwmod                             text9        0041F2
___lwmod@counter                     cstackCOMRAM 000005
___lwmod@dividend                    cstackCOMRAM 000001
___lwmod@divisor                     cstackCOMRAM 000003
___param_bank                        (abs)        000000
___rparam_used                       (abs)        000001
___sp                                stack        000000
___stack_hi                          stack        000000
___stack_lo                          stack        000000
___wmul                              text16       0045BC
___wmul@multiplicand                 cstackCOMRAM 000003
___wmul@multiplier                   cstackCOMRAM 000001
___wmul@product                      cstackCOMRAM 000005
___xxtofl                            text36       002FEC
___xxtofl@arg                        cstackCOMRAM 000016
___xxtofl@exp                        cstackCOMRAM 000015
___xxtofl@sign                       cstackCOMRAM 000014
___xxtofl@val                        cstackCOMRAM 00000C
__accesstop                          (abs)        000060
__activetblptr                       (abs)        000003
__end_of_I2C_2_Master_Idle           text33       0045BC
__end_of_I2C_2_Master_Init           text22       004594
__end_of_I2C_2_Master_Read           text32       004460
__end_of_I2C_2_Master_RepStart       text31       004662
__end_of_I2C_2_Master_Start          text30       004658
__end_of_I2C_2_Master_Stop           text29       00464E
__end_of_I2C_2_Master_Write          text28       004644
__end_of_RGB_to_HSV                  text34       002002
__end_of___awdiv                     text19       003ED4
__end_of___fladd                     text39       0024C2
__end_of___fldiv                     text42       002C86
__end_of___fleq                      text41       0040EA
__end_of___flge                      text43       003E10
__end_of___flmul                     text40       0028EC
__end_of___flsub                     text38       0043DC
__end_of___fltol                     text37       003D0C
__end_of___lwdiv                     text17       0041F2
__end_of___lwmod                     text9        004256
__end_of___wmul                      text16       0045E2
__end_of___xxtofl                    text36       0031A0
__end_of__initialization             cinit        004506
__end_of_adjust_calibration          text44       003AEE
__end_of_color_cardCheck             text23       001840
__end_of_color_click_init            text20       0044A0
__end_of_color_read_Blue             text27       004396
__end_of_color_read_Clear            text26       004346
__end_of_color_read_Green            text25       0042F6
__end_of_color_read_Red              text24       0042A6
__end_of_color_writetoaddr           text21       004602
__end_of_custom_floatmodulo          text35       003C06
__end_of_delay_ms_function           text18       00456A
__end_of_forward                     text14       003348
__end_of_fputc                       text7        003F8E
__end_of_initDCmotorsPWM             text13       00417E
__end_of_initUSART4                  text12       004620
__end_of_main                        text0        002FEC
__end_of_putch                       text8        004664
__end_of_sendCharSerial4             text11       004638
__end_of_sendStringSerial4           text10       00453C
__end_of_setMotorPWM                 text15       003998
__end_of_sprintf                     text4        0044DC
__end_of_switch_calibration          text3        004040
__end_of_turnLEFT                    text2        003694
__end_of_turnRIGHT                   text1        0034EE
__end_of_vfpfcnvrt                   text6        00382C
__end_of_vfprintf                    text5        00441E
__initialization                     cinit        0044DC
__mediumconst                        mediumconst  000000
__pbssBANK0                          bssBANK0     0000DF
__pbssBANK1                          bssBANK1     000100
__pcinit                             cinit        0044DC
__pcstackBANK0                       cstackBANK0  000060
__pcstackBANK1                       cstackBANK1  00018B
__pcstackCOMRAM                      cstackCOMRAM 000001
__pdataBANK0                         dataBANK0    0000FC
__pidataBANK0                        idataBANK0   004664
__psmallconst                        smallconst   000E00
__ptext0                             text0        002C86
__ptext1                             text1        003348
__ptext10                            text10       00450C
__ptext11                            text11       004620
__ptext12                            text12       004602
__ptext13                            text13       0040EA
__ptext14                            text14       0031A0
__ptext15                            text15       00382C
__ptext16                            text16       0045BC
__ptext17                            text17       00417E
__ptext18                            text18       00453C
__ptext19                            text19       003E10
__ptext2                             text2        0034EE
__ptext20                            text20       004460
__ptext21                            text21       0045E2
__ptext22                            text22       00456A
__ptext23                            text23       000E08
__ptext24                            text24       004256
__ptext25                            text25       0042A6
__ptext26                            text26       0042F6
__ptext27                            text27       004346
__ptext28                            text28       004638
__ptext29                            text29       004644
__ptext3                             text3        003F8E
__ptext30                            text30       00464E
__ptext31                            text31       004658
__ptext32                            text32       00441E
__ptext33                            text33       004594
__ptext34                            text34       001840
__ptext35                            text35       003AEE
__ptext36                            text36       002FEC
__ptext37                            text37       003C06
__ptext38                            text38       004396
__ptext39                            text39       002002
__ptext4                             text4        0044A0
__ptext40                            text40       0024C2
__ptext41                            text41       004040
__ptext42                            text42       0028EC
__ptext43                            text43       003D0C
__ptext44                            text44       003998
__ptext5                             text5        0043DC
__ptext6                             text6        003694
__ptext7                             text7        003ED4
__ptext8                             text8        004662
__ptext9                             text9        0041F2
__ramtop                             ramtop       000E00
__smallconst                         smallconst   000E00
_adjust_calibration                  text44       003998
_calibration                         bssBANK1     000182
_color_cardCheck                     text23       000E08
_color_click_init                    text20       004460
_color_read_Blue                     text27       004346
_color_read_Clear                    text26       0042F6
_color_read_Green                    text25       0042A6
_color_read_Red                      text24       004256
_color_writetoaddr                   text21       0045E2
_custom_floatmodulo                  text35       003AEE
_dbuf                                bssBANK1     00013C
_delay_ms_function                   text18       00453C
_flags                               bssBANK0     0000F7
_forward                             text14       0031A0
_fputc                               text7        003ED4
_initDCmotorsPWM                     text13       0040EA
_initUSART4                          text12       004602
_main                                text0        002C86
_motorL                              bssBANK1     000179
_motorR                              bssBANK1     000170
_prec                                bssBANK0     0000F5
_putch                               text8        004662
_sendCharSerial4                     text11       004620
_sendStringSerial4                   text10       00450C
_setMotorPWM                         text15       00382C
_sprintf                             text4        0044A0
_switch_calibration                  text3        003F8E
_temp                                dataBANK0    0000FC
_turnLEFT                            text2        0034EE
_turnRIGHT                           text1        003348
_vfpfcnvrt                           text6        003694
_vfprintf                            text5        0043DC
_width                               bssBANK0     0000F3
adjust_calibration@calibration_label cstackCOMRAM 000001
color_cardCheck@H                    cstackBANK0  0000D3
color_cardCheck@S                    cstackBANK0  0000D7
color_cardCheck@V                    cstackBANK0  0000DB
color_cardCheck@b                    cstackBANK0  0000C9
color_cardCheck@c                    cstackBANK0  0000CD
color_cardCheck@card_color           cstackBANK0  0000D1
color_cardCheck@g                    cstackBANK0  0000C5
color_cardCheck@r                    cstackBANK0  0000C1
color_read_Blue@tmp                  cstackCOMRAM 00000A
color_read_Clear@tmp                 cstackCOMRAM 00000A
color_read_Green@tmp                 cstackCOMRAM 00000A
color_read_Red@tmp                   cstackCOMRAM 00000A
color_writetoaddr@address            cstackCOMRAM 000004
color_writetoaddr@value              cstackCOMRAM 000003
custom_floatmodulo@intPart           cstackBANK0  000068
custom_floatmodulo@quotient          cstackBANK0  000060
custom_floatmodulo@remainder         cstackBANK0  000064
custom_floatmodulo@x                 cstackCOMRAM 000054
custom_floatmodulo@y                 cstackCOMRAM 000058
delay_ms_function@milliseconds       cstackCOMRAM 000001
end_of_initialization                cinit        004506
forward@Distance_Calibration         cstackCOMRAM 00001B
forward@delay_time                   cstackCOMRAM 000022
forward@i                            cstackCOMRAM 00001C
forward@j                            cstackCOMRAM 00001E
forward@mL                           cstackCOMRAM 000014
forward@mR                           cstackCOMRAM 000016
forward@max_power                    cstackCOMRAM 000020
fputc@c                              cstackCOMRAM 000001
fputc@fp                             cstackCOMRAM 000003
initDCmotorsPWM@PWMperiod            cstackCOMRAM 000001
intlevel0                            text         000000
intlevel1                            text         000000
intlevel2                            text         000000
intlevel3                            text         000000
isa$std                              (abs)        000001
isa$xinst                            (abs)        000000
main@Color_Value                     cstackBANK1  0001B7
main@Forward_Count                   cstackBANK1  0001B3
main@Operation_Count                 cstackBANK1  0001B6
main@Operation_History               cstackBANK1  00019F
main@i                               cstackBANK1  0001B4
main@senddata                        cstackBANK1  00018B
sendCharSerial4@charToSend           cstackCOMRAM 000001
sendStringSerial4@string             cstackCOMRAM 000002
setMotorPWM@m                        cstackCOMRAM 00000E
setMotorPWM@negDuty                  cstackCOMRAM 000013
setMotorPWM@posDuty                  cstackCOMRAM 000012
sprintf@ap                           cstackCOMRAM 000022
sprintf@f                            cstackCOMRAM 000023
sprintf@fmt                          cstackCOMRAM 00001F
sprintf@s                            cstackCOMRAM 00001D
stackhi                              (abs)        000000
stacklo                              (abs)        000000
start                                init         000000
start_initialization                 cinit        0044DC
switch_calibration@calibration_index cstackCOMRAM 000001
turnLEFT@delay_time                  cstackCOMRAM 000022
turnLEFT@i                           cstackCOMRAM 00001C
turnLEFT@j                           cstackCOMRAM 00001E
turnLEFT@mL                          cstackCOMRAM 000014
turnLEFT@mR                          cstackCOMRAM 000016
turnLEFT@max_power                   cstackCOMRAM 000020
turnLEFT@rotation_calibration        cstackCOMRAM 00001B
turnRIGHT@delay_time                 cstackCOMRAM 000022
turnRIGHT@i                          cstackCOMRAM 00001C
turnRIGHT@j                          cstackCOMRAM 00001E
turnRIGHT@mL                         cstackCOMRAM 000014
turnRIGHT@mR                         cstackCOMRAM 000016
turnRIGHT@max_power                  cstackCOMRAM 000020
turnRIGHT@rotation_calibration       cstackCOMRAM 00001B
vfpfcnvrt@ap                         cstackCOMRAM 000010
vfpfcnvrt@c                          cstackCOMRAM 000018
vfpfcnvrt@convarg                    cstackCOMRAM 000013
vfpfcnvrt@cp                         cstackCOMRAM 000017
vfpfcnvrt@fmt                        cstackCOMRAM 00000F
vfpfcnvrt@fp                         cstackCOMRAM 00000E
vfprintf@ap                          cstackCOMRAM 00001B
vfprintf@cfmt                        cstackCOMRAM 00001C
vfprintf@fmt                         cstackCOMRAM 00001A
vfprintf@fp                          cstackCOMRAM 000019


MODULE INFORMATION

Module		Function		Class		Link	Load	Size
C:\Program Files\Microchip\xc8\v2.45\pic\sources\c99\common\Umul16.c
		___wmul        		CODE           	45BC	0000	38

C:\Program Files\Microchip\xc8\v2.45\pic\sources\c99\common\Umul16.c estimated size: 38

serial.c
		_sendStringSerial4		CODE           	450C	0000	48
		_sendCharSerial4		CODE           	4620	0000	24
		_initUSART4    		CODE           	4602	0000	30

serial.c estimated size: 102

color.c
		_color_writetoaddr		CODE           	45E2	0000	32
		_custom_floatmodulo		CODE           	3AEE	0000	280
		_color_click_init		CODE           	4460	0000	64
		_color_read_Green		CODE           	42A6	0000	80
		_color_read_Clear		CODE           	42F6	0000	80
		_color_cardCheck		CODE           	0E08	0000	2616
		_color_read_Red		CODE           	4256	0000	80
		_color_read_Blue		CODE           	4346	0000	80
		_RGB_to_HSV    		CODE           	1840	0000	1986

color.c estimated size: 5298

C:\Program Files\Microchip\xc8\v2.45\pic\sources\c99\common\fleq.c
		___fleq        		CODE           	4040	0000	170

C:\Program Files\Microchip\xc8\v2.45\pic\sources\c99\common\fleq.c estimated size: 170

i2c.c
		_I2C_2_Master_Start		CODE           	464E	0000	10
		_I2C_2_Master_Read		CODE           	441E	0000	66
		_I2C_2_Master_Idle		CODE           	4594	0000	40
		_I2C_2_Master_Init		CODE           	456A	0000	42
		_I2C_2_Master_Stop		CODE           	4644	0000	10
		_I2C_2_Master_RepStart		CODE           	4658	0000	10
		_I2C_2_Master_Write		CODE           	4638	0000	12

i2c.c estimated size: 190

C:\Program Files\Microchip\xc8\v2.45\pic\sources\c99\common\sprcmul.c
		___flmul       		CODE           	24C2	0000	1066

C:\Program Files\Microchip\xc8\v2.45\pic\sources\c99\common\sprcmul.c estimated size: 1066

calibration.c
		_switch_calibration		CODE           	3F8E	0000	178
		_adjust_calibration		CODE           	3998	0000	342

calibration.c estimated size: 520

C:\Program Files\Microchip\xc8\v2.45\pic\sources\c99\common\sprcdiv.c
		___fldiv       		CODE           	28EC	0000	922

C:\Program Files\Microchip\xc8\v2.45\pic\sources\c99\common\sprcdiv.c estimated size: 922

C:\Program Files\Microchip\xc8\v2.45\pic\sources\c99\common\nf_sprintf.c
		_sprintf       		CODE           	44A0	0000	60

C:\Program Files\Microchip\xc8\v2.45\pic\sources\c99\common\nf_sprintf.c estimated size: 60

C:\Program Files\Microchip\xc8\v2.45\pic\sources\c99\common\lwmod.c
		___lwmod       		CODE           	41F2	0000	100

C:\Program Files\Microchip\xc8\v2.45\pic\sources\c99\common\lwmod.c estimated size: 100

C:\Program Files\Microchip\xc8\v2.45\pic\sources\c99\common\putch.c
		_putch         		CODE           	4662	0000	2

C:\Program Files\Microchip\xc8\v2.45\pic\sources\c99\common\putch.c estimated size: 2

C:\Program Files\Microchip\xc8\v2.45\pic\sources\c99\common\flge.c
		___flge        		CODE           	3D0C	0000	260

C:\Program Files\Microchip\xc8\v2.45\pic\sources\c99\common\flge.c estimated size: 260

shared
		__initialization		CODE           	44DC	0000	42

shared estimated size: 42

C:\Program Files\Microchip\xc8\v2.45\pic\sources\c99\common\xxtofl.c
		___xxtofl      		CODE           	2FEC	0000	436

C:\Program Files\Microchip\xc8\v2.45\pic\sources\c99\common\xxtofl.c estimated size: 436

C:\Program Files\Microchip\xc8\v2.45\pic\sources\c99\common\sprcadd.c
		___flsub       		CODE           	4396	0000	70
		___fladd       		CODE           	2002	0000	1216

C:\Program Files\Microchip\xc8\v2.45\pic\sources\c99\common\sprcadd.c estimated size: 1286

dc_motor_v1.c
		_delay_ms_function		CODE           	453C	0000	46
		_turnLEFT      		CODE           	34EE	0000	422
		_initDCmotorsPWM		CODE           	40EA	0000	148
		_turnRIGHT     		CODE           	3348	0000	422
		_forward       		CODE           	31A0	0000	424
		_setMotorPWM   		CODE           	382C	0000	364

dc_motor_v1.c estimated size: 1826

main.c
		_main          		CODE           	2C86	0000	870

main.c estimated size: 870

C:\Program Files\Microchip\xc8\v2.45\pic\sources\c99\common\nf_fputc.c
		_fputc         		CODE           	3ED4	0000	186

C:\Program Files\Microchip\xc8\v2.45\pic\sources\c99\common\nf_fputc.c estimated size: 186

C:\Program Files\Microchip\xc8\v2.45\pic\sources\c99\common\doprnt.c
		_vfpfcnvrt     		CODE           	3694	0000	408
		_vfprintf      		CODE           	43DC	0000	66

C:\Program Files\Microchip\xc8\v2.45\pic\sources\c99\common\doprnt.c estimated size: 474

C:\Program Files\Microchip\xc8\v2.45\pic\sources\c99\common\lwdiv.c
		___lwdiv       		CODE           	417E	0000	116

C:\Program Files\Microchip\xc8\v2.45\pic\sources\c99\common\lwdiv.c estimated size: 116

C:\Program Files\Microchip\xc8\v2.45\pic\sources\c99\common\awdiv.c
		___awdiv       		CODE           	3E10	0000	196

C:\Program Files\Microchip\xc8\v2.45\pic\sources\c99\common\awdiv.c estimated size: 196

C:\Program Files\Microchip\xc8\v2.45\pic\sources\c99\common\fltol.c
		___fltol       		CODE           	3C06	0000	262

C:\Program Files\Microchip\xc8\v2.45\pic\sources\c99\common\fltol.c estimated size: 262

